ARM Linker, 5.03 [Build 76] [MDK-ARM Standard]

==============================================================================

Section Cross References

    main.o(.text) refers to sys.o(.text) for NVIC_Configuration
    main.o(.text) refers to delay.o(.text) for delay_init
    main.o(.text) refers to usart.o(.text) for UART2_Init
    main.o(.text) refers to timer.o(.text) for TIM4_Int_Init
    main.o(.text) refers to stm32f10x_gpio.o(.text) for GPIO_PinRemapConfig
    main.o(.text) refers to protocol.o(.text) for protocol_valuelen
    main.o(.text) refers to sensor_hal.o(.text) for SetSensor_Deng_1
    main.o(.text) refers to auxiliary.o(.text) for parse_uart_sensor
    main.o(.text) refers to soft_timer.o(.text) for timer_init
    main.o(.text) refers to key.o(.text) for key_button_register
    main.o(.text) refers to ringbuffer.o(.text) for RINGBUF_Init
    main.o(.text) refers to stm32f10x_tim.o(.text) for TIM_GetITStatus
    main.o(.text) refers to sensor_hal.o(.data) for GlobalVar_sensor_online_response
    main.o(.text) refers to main.o(.data) for GlobalVar_Module_status_updata_value1
    main.o(.text) refers to auxiliary.o(.bss) for protocol_pipe_uart
    main.o(.text) refers to main.o(.bss) for timer_detect_sensor
    stm32f10x_it.o(.text) refers to stm32f10x_usart.o(.text) for USART_GetITStatus
    stm32f10x_it.o(.text) refers to ringbuffer.o(.text) for RINGBUF_Put
    stm32f10x_it.o(.text) refers to protocol.o(.text) for protocol_pipe_put
    stm32f10x_it.o(.text) refers to auxiliary.o(.bss) for Uart_sensor_RB
    system_stm32f10x.o(.text) refers to system_stm32f10x.o(.data) for SystemCoreClock
    adc.o(.text) refers to stm32f10x_gpio.o(.text) for GPIO_Init
    adc.o(.text) refers to stm32f10x_rcc.o(.text) for RCC_APB2PeriphClockCmd
    adc.o(.text) refers to stm32f10x_adc.o(.text) for ADC_DeInit
    dht11.o(.text) refers to delay.o(.text) for delay_ms
    dht11.o(.text) refers to stm32f10x_rcc.o(.text) for RCC_APB2PeriphClockCmd
    ds18b20.o(.text) refers to stm32f10x_gpio.o(.text) for GPIO_SetBits
    ds18b20.o(.text) refers to delay.o(.text) for delay_us
    ds18b20.o(.text) refers to stm32f10x_rcc.o(.text) for RCC_APB2PeriphClockCmd
    ds18b20.o(.text) refers to dfltui.o(.text) for __aeabi_ui2d
    ds18b20.o(.text) refers to dmul.o(.text) for __aeabi_dmul
    ds18b20.o(.text) refers to d2f.o(.text) for __aeabi_d2f
    ds18b20.o(.text) refers to ds18b20.o(.data) for TempX_TAB
    gpio.o(.text) refers to stm32f10x_rcc.o(.text) for RCC_APB2PeriphClockCmd
    gpio.o(.text) refers to stm32f10x_gpio.o(.text) for GPIO_Init
    gpio.o(.text) refers to stm32f10x_exti.o(.text) for EXTI_Init
    gpio.o(.text) refers to misc.o(.text) for NVIC_PriorityGroupConfig
    gpio.o(.text) refers to gpio.o(.data) for record
    hongwaiwendu.o(.text) refers to hongwaiwendu.o(.data) for last_value
    hongwaiwendu.o(.text) refers to hongwaiwendu.o(.bss) for hognwai_show_buff
    hx711.o(.text) refers to stm32f10x_rcc.o(.text) for RCC_APB2PeriphClockCmd
    hx711.o(.text) refers to stm32f10x_gpio.o(.text) for GPIO_Init
    hx711.o(.text) refers to delay.o(.text) for delay_us
    hx711.o(.text) refers to fflti.o(.text) for __aeabi_i2f
    hx711.o(.text) refers to f2d.o(.text) for __aeabi_f2d
    hx711.o(.text) refers to ddiv.o(.text) for __aeabi_ddiv
    hx711.o(.text) refers to dfixui.o(.text) for __aeabi_d2uiz
    hx711.o(.text) refers to hx711.o(.data) for Weight_calibration
    oled.o(.text) refers to stm32f10x_gpio.o(.text) for GPIO_SetBits
    oled.o(.text) refers to stm32f10x_rcc.o(.text) for RCC_APB2PeriphClockCmd
    oled.o(.text) refers to delay.o(.text) for delay_ms
    oled.o(.text) refers to oled.o(.constdata) for F8X16
    pwm.o(.text) refers to stm32f10x_rcc.o(.text) for RCC_APB2PeriphClockCmd
    pwm.o(.text) refers to stm32f10x_gpio.o(.text) for GPIO_Init
    pwm.o(.text) refers to stm32f10x_tim.o(.text) for TIM_TimeBaseInit
    rc522.o(.text) refers to stm32f10x_rcc.o(.text) for RCC_APB2PeriphClockCmd
    rc522.o(.text) refers to stm32f10x_gpio.o(.text) for GPIO_Init
    scanner.o(.text) refers to scanner.o(.data) for index
    scanner.o(.text) refers to scanner.o(.bss) for card_show_buff
    sensor_hal.o(.text) refers to adc.o(.text) for Get_ADC_channel
    sensor_hal.o(.text) refers to stm32f10x_gpio.o(.text) for GPIO_ReadInputDataBit
    sensor_hal.o(.text) refers to protocol.o(.text) for protocol_send_IdValue_int
    sensor_hal.o(.text) refers to stm32f10x_rcc.o(.text) for RCC_APB2PeriphClockCmd
    sensor_hal.o(.text) refers to gpio_init.o(.text) for Get_GPIO_Init_Mode_AO_PA5
    sensor_hal.o(.text) refers to sensor_hal.o(.data) for max_value
    sensor_hal.o(.text) refers to sensor_hal.o(.bss) for zhendong_buffer_100ms
    sensor_hal.o(.text) refers to protocol.o(.data) for sensor_protocol
    sensor_hal.o(.text) refers to ffltui.o(.text) for __aeabi_ui2f
    sensor_hal.o(.text) refers to fdiv.o(.text) for __aeabi_fdiv
[...]
    UART3_Send_DATA                          0x080043b3   Thumb Code    28  usart.o(.text)
    UART1_Send_BUFF                          0x080043cf   Thumb Code    24  usart.o(.text)
    UART2_Send_BUFF                          0x080043e7   Thumb Code    24  usart.o(.text)
    UART3_Send_BUFF                          0x080043ff   Thumb Code    24  usart.o(.text)
    PrintChar                                0x08004417   Thumb Code    24  usart.o(.text)
    fputc                                    0x0800442f   Thumb Code    32  usart.o(.text)
    WS_GPIO_Init                             0x08004469   Thumb Code    40  ws2812b.o(.text)
    WS_GPIO_Init_2                           0x08004491   Thumb Code    38  ws2812b.o(.text)
    WS_GPIO_Init_3                           0x080044b7   Thumb Code    40  ws2812b.o(.text)
    WS_GPIO_Init_4                           0x080044df   Thumb Code    40  ws2812b.o(.text)
    WS_delay_us                              0x08004507   Thumb Code    18  ws2812b.o(.text)
    WS_delay2us                              0x08004519   Thumb Code    14  ws2812b.o(.text)
    WS_delay05us                             0x08004527   Thumb Code     2  ws2812b.o(.text)
    WS_delay_ms                              0x08004529   Thumb Code    24  ws2812b.o(.text)
    TX0                                      0x08004541   Thumb Code    32  ws2812b.o(.text)
    TX1                                      0x08004561   Thumb Code    32  ws2812b.o(.text)
    WS_Reset                                 0x08004581   Thumb Code    38  ws2812b.o(.text)
    WS_Set1                                  0x080045a7   Thumb Code    56  ws2812b.o(.text)
    WS_Set_Date                              0x080045df   Thumb Code    46  ws2812b.o(.text)
    ws2812b_init                             0x0800460d   Thumb Code     8  ws2812b.o(.text)
    ws2812b_rgb                              0x08004615   Thumb Code    56  ws2812b.o(.text)
    ws2812b_red                              0x0800464d   Thumb Code    18  ws2812b.o(.text)
    ws2812b_green                            0x0800465f   Thumb Code    18  ws2812b.o(.text)
    ws2812b_blue                             0x08004671   Thumb Code    18  ws2812b.o(.text)
    ws2812b_init_2                           0x08004683   Thumb Code     8  ws2812b.o(.text)
    ws2812b_rgb_2                            0x0800468b   Thumb Code    54  ws2812b.o(.text)
    ws2812b_red_2                            0x080046c1   Thumb Code    18  ws2812b.o(.text)
    ws2812b_green_2                          0x080046d3   Thumb Code    18  ws2812b.o(.text)
    ws2812b_blue_2                           0x080046e5   Thumb Code    18  ws2812b.o(.text)
    ws2812b_init_3                           0x080046f7   Thumb Code     8  ws2812b.o(.text)
    ws2812b_rgb_3                            0x080046ff   Thumb Code    56  ws2812b.o(.text)
    ws2812b_red_3                            0x08004737   Thumb Code    18  ws2812b.o(.text)
    ws2812b_green_3                          0x08004749   Thumb Code    18  ws2812b.o(.text)
    ws2812b_blue_3                           0x0800475b   Thumb Code    18  ws2812b.o(.text)
    ws2812b_init_4                           0x0800476d   Thumb Code     8  ws2812b.o(.text)
    ws2812b_rgb_4                            0x08004775   Thumb Code    56  ws2812b.o(.text)
    ws2812b_red_4                            0x080047ad   Thumb Code    18  ws2812b.o(.text)
    ws2812b_green_4                          0x080047bf   Thumb Code    18  ws2812b.o(.text)
    ws2812b_blue_4                           0x080047d1   Thumb Code    18  ws2812b.o(.text)
    uart6050_trigger                         0x080047fd   Thumb Code    18  uart6050.o(.text)
    uart6050_parse                           0x0800480f   Thumb Code   176  uart6050.o(.text)
    maxim_sort_ascend                        0x080048cd   Thumb Code    54  algorithm.o(.text)
    maxim_sort_indices_descend               0x08004903   Thumb Code    64  algorithm.o(.text)
    maxim_remove_close_peaks                 0x08004943   Thumb Code   112  algorithm.o(.text)
    maxim_peaks_above_min_height             0x080049b3   Thumb Code   122  algorithm.o(.text)
    maxim_find_peaks                         0x08004a2d   Thumb Code    66  algorithm.o(.text)
    maxim_heart_rate_and_oxygen_saturation   0x08004a6f   Thumb Code  1270  algorithm.o(.text)
    max30102_Bus_Write                       0x08004f6d   Thumb Code    68  max30102.o(.text)
    max30102_Bus_Read                        0x08004fb1   Thumb Code    82  max30102.o(.text)
    max30102_FIFO_ReadWords                  0x08005003   Thumb Code   168  max30102.o(.text)
    max30102_FIFO_ReadBytes                  0x080050ab   Thumb Code   128  max30102.o(.text)
    max30102_reset                           0x0800512b   Thumb Code    20  max30102.o(.text)
    max30102_init                            0x0800513f   Thumb Code   130  max30102.o(.text)
    maxim_max30102_write_reg                 0x080051c1   Thumb Code    18  max30102.o(.text)
    maxim_max30102_read_reg                  0x080051d3   Thumb Code    18  max30102.o(.text)
    maxim_max30102_read_fifo                 0x080051e5   Thumb Code   124  max30102.o(.text)
    max30102_init_main                       0x08005261   Thumb Code   254  max30102.o(.text)
    __max30102_detect                        0x0800535f   Thumb Code   754  max30102.o(.text)
    max30102_detect                          0x08005651   Thumb Code   222  max30102.o(.text)
    IIC_Init                                 0x08005761   Thumb Code    52  myiic.o(.text)
    IIC_Start                                0x08005795   Thumb Code    72  myiic.o(.text)
    IIC_Stop                                 0x080057dd   Thumb Code    70  myiic.o(.text)
    IIC_Wait_Ack                             0x08005823   Thumb Code    86  myiic.o(.text)
    IIC_Ack                                  0x08005879   Thumb Code    72  myiic.o(.text)
    IIC_NAck                                 0x080058c1   Thumb Code    72  myiic.o(.text)
    IIC_Send_Byte                            0x08005909   Thumb Code    96  myiic.o(.text)
    IIC_Read_Byte                            0x08005969   Thumb Code    98  myiic.o(.text)
    IIC_WriteBytes                           0x080059cb   Thumb Code    60  myiic.o(.text)
    IIC_ReadBytes                            0x08005a07   Thumb Code    94  myiic.o(.text)
    IIC_Read_One_Byte                        0x08005a65   Thumb Code    62  myiic.o(.text)
    IIC_Write_One_Byte                       0x08005aa3   Thumb Code    54  myiic.o(.text)
    tds_trigger                              0x08005af1   Thumb Code    20  tds.o(.text)
    tds_parse                                0x08005b05   Thumb Code   148  tds.o(.text)
    key_button_init                          0x08005ba9   Thumb Code   144  key.o(.text)
    key16_button_init                        0x08005c39   Thumb Code   130  key.o(.text)
    key_button_register                      0x08005cbb   Thumb Code     8  key.o(.text)
    key_button_scan_10ms                     0x08005d53   Thumb Code   242  key.o(.text)
    key16_button_scan_10ms                   0x08005e45   Thumb Code   244  key.o(.text)
    key_button_scan_1ms                      0x08005f39   Thumb Code    32  key.o(.text)
    GPS_parse                                0x080060dd   Thumb Code   178  gps.o(.text)
    MOTOR_Init                               0x080061a1   Thumb Code    38  28byj_48.o(.text)
    MOTOR4_1_4_Control                       0x080061c7   Thumb Code   324  28byj_48.o(.text)
    MOTOR_Control                            0x0800630b   Thumb Code   328  28byj_48.o(.text)
    pm25_parse                               0x08006459   Thumb Code   164  pm25.o(.text)
    ms53lom_trigger                          0x08006511   Thumb Code    20  ms53lom.o(.text)
    ms53lom_parse                            0x08006525   Thumb Code   194  ms53lom.o(.text)
    user_send_data                           0x08006609   Thumb Code    16  auxiliary.o(.text)
    process_card_callback                    0x08006619   Thumb Code    32  auxiliary.o(.text)
    process_hongwai_callback                 0x08006639   Thumb Code     6  auxiliary.o(.text)
    process_ms53lom_callback                 0x0800663f   Thumb Code     6  auxiliary.o(.text)
    process_6050_callback                    0x08006645   Thumb Code    14  auxiliary.o(.text)
    process_tds_callback                     0x08006653   Thumb Code    10  auxiliary.o(.text)
    process_pm25_callback                    0x0800665d   Thumb Code     6  auxiliary.o(.text)
    SD_cesu_parse                            0x08006663   Thumb Code    76  auxiliary.o(.text)
    ph_dan_lin_jia_callback                  0x080066af   Thumb Code    20  auxiliary.o(.text)
    process_gps_callback                     0x080066c3   Thumb Code    30  auxiliary.o(.text)
    parse_uart_sensor                        0x080066e1   Thumb Code   172  auxiliary.o(.text)
    func_timer_MAX30102                      0x0800678d   Thumb Code    38  auxiliary.o(.text)
    func_timer_1s                            0x080067b3   Thumb Code    86  auxiliary.o(.text)
    key_button_process                       0x08006809   Thumb Code   432  auxiliary.o(.text)
    func_timer_key                           0x080069b9   Thumb Code   304  auxiliary.o(.text)
    uart_recv_IdValue_sensor                 0x08006ae9   Thumb Code     2  auxiliary.o(.text)
    ph_dan_lin_jia_trigger                   0x08006aed   Thumb Code    20  ph_dan_lin_jia.o(.text)
    ph_dan_lin_jia_parse                     0x08006b01   Thumb Code   228  ph_dan_lin_jia.o(.text)
    Get_GPIO_Init_Mode_AO_PA0                0x08006c01   Thumb Code    32  gpio_init.o(.text)
    Get_GPIO_Init_Mode_AO_PA1                0x08006c21   Thumb Code    30  gpio_init.o(.text)
    Get_GPIO_Init_Mode_AO_PA2                0x08006c3f   Thumb Code    32  gpio_init.o(.text)
    Get_GPIO_Init_Mode_AO_PA3                0x08006c5f   Thumb Code    32  gpio_init.o(.text)
    Get_GPIO_Init_Mode_AO_PA4                0x08006c7f   Thumb Code    32  gpio_init.o(.text)
    Get_GPIO_Init_Mode_AO_PA5                0x08006c9f   Thumb Code    32  gpio_init.o(.text)
    Get_GPIO_Init_Mode_AO_PA6                0x08006cbf   Thumb Code    32  gpio_init.o(.text)
    Get_GPIO_Init_Mode_AO_PA7                0x08006cdf   Thumb Code    32  gpio_init.o(.text)
    Get_GPIO_Init_Mode_DO_PA0                0x08006cff   Thumb Code    70  gpio_init.o(.text)
    Get_GPIO_Init_Mode_DO_PA1                0x08006d45   Thumb Code    70  gpio_init.o(.text)
    Get_GPIO_Init_Mode_DO_PA2                0x08006d8b   Thumb Code    70  gpio_init.o(.text)
    Get_GPIO_Init_Mode_DO_PA3                0x08006dd1   Thumb Code    70  gpio_init.o(.text)
    Get_GPIO_Init_Mode_DO_PA4                0x08006e17   Thumb Code    70  gpio_init.o(.text)
    Get_GPIO_Init_Mode_DO_PA5                0x08006e5d   Thumb Code    70  gpio_init.o(.text)
    Get_GPIO_Init_Mode_DO_PA6                0x08006ea3   Thumb Code    70  gpio_init.o(.text)
    Get_GPIO_Init_Mode_DO_PA7                0x08006ee9   Thumb Code    70  gpio_init.o(.text)
    Get_GPIO_Init_Mode_DO_PA8                0x08006f2f   Thumb Code    76  gpio_init.o(.text)
    Get_GPIO_Init_Mode_DO_PA9                0x08006f7b   Thumb Code    76  gpio_init.o(.text)
    Get_GPIO_Init_Mode_DO_PA10               0x08006fc7   Thumb Code   160  gpio_init.o(.text)
    Get_GPIO_Init_Mode_DO_PA11               0x08007067   Thumb Code    76  gpio_init.o(.text)
    Get_GPIO_Init_Mode_DO_PA12               0x080070b3   Thumb Code    76  gpio_init.o(.text)
    Get_GPIO_Init_Mode_DO_PA15               0x080070ff   Thumb Code    76  gpio_init.o(.text)
    Get_GPIO_Init_Mode_DO_PB0                0x0800714b   Thumb Code    70  gpio_init.o(.text)
    Get_GPIO_Init_Mode_DO_PB1                0x08007191   Thumb Code    70  gpio_init.o(.text)
    Get_GPIO_Init_Mode_DO_PB3                0x080071d7   Thumb Code    70  gpio_init.o(.text)
    Get_GPIO_Init_Mode_DO_PB4                0x0800721d   Thumb Code    70  gpio_init.o(.text)
    Get_GPIO_Init_Mode_DO_PB5                0x08007263   Thumb Code    70  gpio_init.o(.text)
    Get_GPIO_Init_Mode_DO_PB6                0x080072a9   Thumb Code    70  gpio_init.o(.text)
    Get_GPIO_Init_Mode_DO_PB7                0x080072ef   Thumb Code    70  gpio_init.o(.text)
    Get_GPIO_Init_Mode_DO_PB8                0x08007335   Thumb Code    76  gpio_init.o(.text)
    Get_GPIO_Init_Mode_DO_PB9                0x08007381   Thumb Code    76  gpio_init.o(.text)
    Get_GPIO_Init_Mode_DO_PB10               0x080073cd   Thumb Code    76  gpio_init.o(.text)
    Get_GPIO_Init_Mode_DO_PB11               0x08007419   Thumb Code   144  gpio_init.o(.text)
    Get_GPIO_Init_Mode_DO_PB12               0x080074a9   Thumb Code    76  gpio_init.o(.text)
    Get_GPIO_Init_Mode_DO_PB13               0x080074f5   Thumb Code    76  gpio_init.o(.text)
    Get_GPIO_Init_Mode_DO_PB14               0x08007541   Thumb Code    76  gpio_init.o(.text)
    Get_GPIO_Init_Mode_DO_PB15               0x0800758d   Thumb Code    76  gpio_init.o(.text)
    Get_GPIO_Init_Mode_DO_PC13               0x080075d9   Thumb Code    76  gpio_init.o(.text)
    Get_GPIO_Init_Mode_DO_PC14               0x08007625   Thumb Code    76  gpio_init.o(.text)
    Get_GPIO_Init_Mode_DO_PC15               0x08007671   Thumb Code    76  gpio_init.o(.text)
    Set_GPIO_Init_Mode_DO_PB0                0x080076bd   Thumb Code    80  gpio_init.o(.text)
    Set_GPIO_Init_Mode_DO_PB1                0x0800770d   Thumb Code    80  gpio_init.o(.text)
    Set_GPIO_Init_Mode_DO_PB2                0x0800775d   Thumb Code    80  gpio_init.o(.text)
    Set_GPIO_Init_Mode_DO_PB3                0x080077ad   Thumb Code    80  gpio_init.o(.text)
    Set_GPIO_Init_Mode_DO_PB4                0x080077fd   Thumb Code    78  gpio_init.o(.text)
    Set_GPIO_Init_Mode_DO_PB5                0x0800784b   Thumb Code   142  gpio_init.o(.text)
    Set_GPIO_Init_Mode_DO_PB6                0x080078d9   Thumb Code    80  gpio_init.o(.text)
    Set_GPIO_Init_Mode_DO_PB7                0x08007929   Thumb Code    80  gpio_init.o(.text)
    Set_GPIO_Init_Mode_DO_PB8                0x08007979   Thumb Code    88  gpio_init.o(.text)
    Set_GPIO_Init_Mode_DO_PB9                0x080079d1   Thumb Code    88  gpio_init.o(.text)
    Set_GPIO_Init_Mode_DO_PB10               0x08007a29   Thumb Code    88  gpio_init.o(.text)
    Set_GPIO_Init_Mode_DO_PB11               0x08007a81   Thumb Code    88  gpio_init.o(.text)
    Set_GPIO_Init_Mode_DO_PB12               0x08007ad9   Thumb Code    88  gpio_init.o(.text)
    Set_GPIO_Init_Mode_DO_PB13               0x08007b31   Thumb Code    88  gpio_init.o(.text)
    Set_GPIO_Init_Mode_DO_PB14               0x08007b89   Thumb Code    88  gpio_init.o(.text)
    Set_GPIO_Init_Mode_DO_PB15               0x08007be1   Thumb Code    88  gpio_init.o(.text)
    Set_GPIO_Init_Mode_DO_PC13               0x08007c39   Thumb Code    88  gpio_init.o(.text)
    Set_GPIO_Init_Mode_DO_PC14               0x08007c91   Thumb Code   148  gpio_init.o(.text)
    Set_GPIO_Init_Mode_DO_PC15               0x08007d25   Thumb Code    88  gpio_init.o(.text)
    delay_init                               0x08007d85   Thumb Code    50  delay.o(.text)
    delay_us                                 0x08007db7   Thumb Code    70  delay.o(.text)
    delay_ms                                 0x08007dfd   Thumb Code    70  delay.o(.text)
    NVIC_Configuration                       0x08007e55   Thumb Code    12  sys.o(.text)
    Reset_Handler                            0x08007e61   Thumb Code     8  startup_stm32f10x_hd.o(.text)
    ADC1_2_IRQHandler                        0x08007e7b   Thumb Code     0  startup_stm32f10x_hd.o(.text)
    ADC3_IRQHandler                          0x08007e7b   Thumb Code     0  startup_stm32f10x_hd.o(.text)
    CAN1_RX1_IRQHandler                      0x08007e7b   Thumb Code     0  startup_stm32f10x_hd.o(.text)
    CAN1_SCE_IRQHandler                      0x08007e7b   Thumb Code     0  startup_stm32f10x_hd.o(.text)
    DMA1_Channel1_IRQHandler                 0x08007e7b   Thumb Code     0  startup_stm32f10x_hd.o(.text)
    DMA1_Channel2_IRQHandler                 0x08007e7b   Thumb Code     0  startup_stm32f10x_hd.o(.text)
    DMA1_Channel3_IRQHandler                 0x08007e7b   Thumb Code     0  startup_stm32f10x_hd.o(.text)
    DMA1_Channel4_IRQHandler                 0x08007e7b   Thumb Code     0  startup_stm32f10x_hd.o(.text)
    DMA1_Channel5_IRQHandler                 0x08007e7b   Thumb Code     0  startup_stm32f10x_hd.o(.text)
    DMA1_Channel6_IRQHandler                 0x08007e7b   Thumb Code     0  startup_stm32f10x_hd.o(.text)
    DMA1_Channel7_IRQHandler                 0x08007e7b   Thumb Code     0  startup_stm32f10x_hd.o(.text)
    DMA2_Channel1_IRQHandler                 0x08007e7b   Thumb Code     0  startup_stm32f10x_hd.o(.text)
    DMA2_Channel2_IRQHandler                 0x08007e7b   Thumb Code     0  startup_stm32f10x_hd.o(.text)
    DMA2_Channel3_IRQHandler                 0x08007e7b   Thumb Code     0  startup_stm32f10x_hd.o(.text)
    DMA2_Channel4_5_IRQHandler               0x08007e7b   Thumb Code     0  startup_stm32f10x_hd.o(.text)
    EXTI0_IRQHandler                         0x08007e7b   Thumb Code     0  startup_stm32f10x_hd.o(.text)
    EXTI15_10_IRQHandler                     0x08007e7b   Thumb Code     0  startup_stm32f10x_hd.o(.text)
    EXTI2_IRQHandler                         0x08007e7b   Thumb Code     0  startup_stm32f10x_hd.o(.text)
    FLASH_IRQHandler                         0x08007e7b   Thumb Code     0  startup_stm32f10x_hd.o(.text)
    FSMC_IRQHandler                          0x08007e7b   Thumb Code     0  startup_stm32f10x_hd.o(.text)
    I2C1_ER_IRQHandler                       0x08007e7b   Thumb Code     0  startup_stm32f10x_hd.o(.text)
    I2C1_EV_IRQHandler                       0x08007e7b   Thumb Code     0  startup_stm32f10x_hd.o(.text)
    I2C2_ER_IRQHandler                       0x08007e7b   Thumb Code     0  startup_stm32f10x_hd.o(.text)
    I2C2_EV_IRQHandler                       0x08007e7b   Thumb Code     0  startup_stm32f10x_hd.o(.text)
    PVD_IRQHandler                           0x08007e7b   Thumb Code     0  startup_stm32f10x_hd.o(.text)
    RCC_IRQHandler                           0x08007e7b   Thumb Code     0  startup_stm32f10x_hd.o(.text)
    RTCAlarm_IRQHandler                      0x08007e7b   Thumb Code     0  startup_stm32f10x_hd.o(.text)
    RTC_IRQHandler                           0x08007e7b   Thumb Code     0  startup_stm32f10x_hd.o(.text)
    SDIO_IRQHandler                          0x08007e7b   Thumb Code     0  startup_stm32f10x_hd.o(.text)
    SPI1_IRQHandler                          0x08007e7b   Thumb Code     0  startup_stm32f10x_hd.o(.text)
    SPI2_IRQHandler                          0x08007e7b   Thumb Code     0  startup_stm32f10x_hd.o(.text)
    SPI3_IRQHandler                          0x08007e7b   Thumb Code     0  startup_stm32f10x_hd.o(.text)
    TAMPER_IRQHandler                        0x08007e7b   Thumb Code     0  startup_stm32f10x_hd.o(.text)
    TIM1_BRK_IRQHandler                      0x08007e7b   Thumb Code     0  startup_stm32f10x_hd.o(.text)
    TIM1_CC_IRQHandler                       0x08007e7b   Thumb Code     0  startup_stm32f10x_hd.o(.text)
    TIM1_TRG_COM_IRQHandler                  0x08007e7b   Thumb Code     0  startup_stm32f10x_hd.o(.text)
    TIM1_UP_IRQHandler                       0x08007e7b   Thumb Code     0  startup_stm32f10x_hd.o(.text)
    TIM2_IRQHandler                          0x08007e7b   Thumb Code     0  startup_stm32f10x_hd.o(.text)
    TIM5_IRQHandler                          0x08007e7b   Thumb Code     0  startup_stm32f10x_hd.o(.text)
    TIM6_IRQHandler                          0x08007e7b   Thumb Code     0  startup_stm32f10x_hd.o(.text)
    TIM7_IRQHandler                          0x08007e7b   Thumb Code     0  startup_stm32f10x_hd.o(.text)
    TIM8_BRK_IRQHandler                      0x08007e7b   Thumb Code     0  startup_stm32f10x_hd.o(.text)
    TIM8_CC_IRQHandler                       0x08007e7b   Thumb Code     0  startup_stm32f10x_hd.o(.text)
    TIM8_TRG_COM_IRQHandler                  0x08007e7b   Thumb Code     0  startup_stm32f10x_hd.o(.text)
    TIM8_UP_IRQHandler                       0x08007e7b   Thumb Code     0  startup_stm32f10x_hd.o(.text)
    UART4_IRQHandler                         0x08007e7b   Thumb Code     0  startup_stm32f10x_hd.o(.text)
    UART5_IRQHandler                         0x08007e7b   Thumb Code     0  startup_stm32f10x_hd.o(.text)
    USBWakeUp_IRQHandler                     0x08007e7b   Thumb Code     0  startup_stm32f10x_hd.o(.text)
    USB_HP_CAN1_TX_IRQHandler                0x08007e7b   Thumb Code     0  startup_stm32f10x_hd.o(.text)
    USB_LP_CAN1_RX0_IRQHandler               0x08007e7b   Thumb Code     0  startup_stm32f10x_hd.o(.text)
    WWDG_IRQHandler                          0x08007e7b   Thumb Code     0  startup_stm32f10x_hd.o(.text)
    GPIO_DeInit                              0x08007e85   Thumb Code   172  stm32f10x_gpio.o(.text)
    GPIO_AFIODeInit                          0x08007f31   Thumb Code    20  stm32f10x_gpio.o(.text)
    GPIO_Init                                0x08007f45   Thumb Code   274  stm32f10x_gpio.o(.text)
    GPIO_StructInit                          0x08008057   Thumb Code    16  stm32f10x_gpio.o(.text)
    GPIO_ReadInputDataBit                    0x08008067   Thumb Code    18  stm32f10x_gpio.o(.text)
    GPIO_ReadInputData                       0x08008079   Thumb Code     8  stm32f10x_gpio.o(.text)
    GPIO_ReadOutputDataBit                   0x08008081   Thumb Code    18  stm32f10x_gpio.o(.text)
    GPIO_ReadOutputData                      0x08008093   Thumb Code     8  stm32f10x_gpio.o(.text)
    GPIO_SetBits                             0x0800809b   Thumb Code     4  stm32f10x_gpio.o(.text)
    GPIO_ResetBits                           0x0800809f   Thumb Code     4  stm32f10x_gpio.o(.text)
    GPIO_WriteBit                            0x080080a3   Thumb Code    10  stm32f10x_gpio.o(.text)
    GPIO_Write                               0x080080ad   Thumb Code     4  stm32f10x_gpio.o(.text)
    GPIO_PinLockConfig                       0x080080b1   Thumb Code    18  stm32f10x_gpio.o(.text)
    GPIO_EventOutputConfig                   0x080080c3   Thumb Code    26  stm32f10x_gpio.o(.text)
    GPIO_EventOutputCmd                      0x080080dd   Thumb Code     6  stm32f10x_gpio.o(.text)
    GPIO_PinRemapConfig                      0x080080e3   Thumb Code   138  stm32f10x_gpio.o(.text)
    GPIO_EXTILineConfig                      0x0800816d   Thumb Code    66  stm32f10x_gpio.o(.text)
    GPIO_ETH_MediaInterfaceConfig            0x080081af   Thumb Code     6  stm32f10x_gpio.o(.text)
    RCC_DeInit                               0x080081dd   Thumb Code    64  stm32f10x_rcc.o(.text)
    RCC_HSEConfig                            0x0800821d   Thumb Code    70  stm32f10x_rcc.o(.text)
    RCC_GetFlagStatus                        0x08008263   Thumb Code    56  stm32f10x_rcc.o(.text)
    RCC_WaitForHSEStartUp                    0x0800829b   Thumb Code    56  stm32f10x_rcc.o(.text)
    RCC_AdjustHSICalibrationValue            0x080082d3   Thumb Code    20  stm32f10x_rcc.o(.text)
    RCC_HSICmd                               0x080082e7   Thumb Code     6  stm32f10x_rcc.o(.text)
    RCC_PLLConfig                            0x080082ed   Thumb Code    24  stm32f10x_rcc.o(.text)
    RCC_PLLCmd                               0x08008305   Thumb Code     6  stm32f10x_rcc.o(.text)
    RCC_SYSCLKConfig                         0x0800830b   Thumb Code    18  stm32f10x_rcc.o(.text)
    RCC_GetSYSCLKSource                      0x0800831d   Thumb Code    10  stm32f10x_rcc.o(.text)
    RCC_HCLKConfig                           0x08008327   Thumb Code    18  stm32f10x_rcc.o(.text)
    RCC_PCLK1Config                          0x08008339   Thumb Code    18  stm32f10x_rcc.o(.text)
    RCC_PCLK2Config                          0x0800834b   Thumb Code    20  stm32f10x_rcc.o(.text)
    RCC_ITConfig                             0x0800835f   Thumb Code    26  stm32f10x_rcc.o(.text)
    RCC_USBCLKConfig                         0x08008379   Thumb Code     6  stm32f10x_rcc.o(.text)
    RCC_ADCCLKConfig                         0x0800837f   Thumb Code    18  stm32f10x_rcc.o(.text)
    RCC_LSEConfig                            0x08008391   Thumb Code    44  stm32f10x_rcc.o(.text)
    RCC_LSICmd                               0x080083bd   Thumb Code     6  stm32f10x_rcc.o(.text)
    RCC_RTCCLKConfig                         0x080083c3   Thumb Code    12  stm32f10x_rcc.o(.text)
    RCC_RTCCLKCmd                            0x080083cf   Thumb Code     8  stm32f10x_rcc.o(.text)
    RCC_GetClocksFreq                        0x080083d7   Thumb Code   192  stm32f10x_rcc.o(.text)
    RCC_AHBPeriphClockCmd                    0x08008497   Thumb Code    26  stm32f10x_rcc.o(.text)
    RCC_APB2PeriphClockCmd                   0x080084b1   Thumb Code    26  stm32f10x_rcc.o(.text)
    RCC_APB1PeriphClockCmd                   0x080084cb   Thumb Code    26  stm32f10x_rcc.o(.text)
    RCC_APB2PeriphResetCmd                   0x080084e5   Thumb Code    26  stm32f10x_rcc.o(.text)
    RCC_APB1PeriphResetCmd                   0x080084ff   Thumb Code    26  stm32f10x_rcc.o(.text)
    RCC_BackupResetCmd                       0x08008519   Thumb Code     8  stm32f10x_rcc.o(.text)
    RCC_ClockSecuritySystemCmd               0x08008521   Thumb Code     6  stm32f10x_rcc.o(.text)
    RCC_MCOConfig                            0x08008527   Thumb Code     6  stm32f10x_rcc.o(.text)
    RCC_ClearFlag                            0x0800852d   Thumb Code    14  stm32f10x_rcc.o(.text)
    RCC_GetITStatus                          0x0800853b   Thumb Code    20  stm32f10x_rcc.o(.text)
    RCC_ClearITPendingBit                    0x0800854f   Thumb Code     6  stm32f10x_rcc.o(.text)
    USART_DeInit                             0x08008581   Thumb Code   134  stm32f10x_usart.o(.text)
    USART_Init                               0x08008607   Thumb Code   210  stm32f10x_usart.o(.text)
    USART_StructInit                         0x080086d9   Thumb Code    24  stm32f10x_usart.o(.text)
    USART_ClockInit                          0x080086f1   Thumb Code    34  stm32f10x_usart.o(.text)
    USART_ClockStructInit                    0x08008713   Thumb Code    12  stm32f10x_usart.o(.text)
    USART_Cmd                                0x0800871f   Thumb Code    24  stm32f10x_usart.o(.text)
    USART_ITConfig                           0x08008737   Thumb Code    74  stm32f10x_usart.o(.text)
    USART_DMACmd                             0x08008781   Thumb Code    18  stm32f10x_usart.o(.text)
    USART_SetAddress                         0x08008793   Thumb Code    18  stm32f10x_usart.o(.text)
    USART_WakeUpConfig                       0x080087a5   Thumb Code    18  stm32f10x_usart.o(.text)
    USART_ReceiverWakeUpCmd                  0x080087b7   Thumb Code    24  stm32f10x_usart.o(.text)
    USART_LINBreakDetectLengthConfig         0x080087cf   Thumb Code    18  stm32f10x_usart.o(.text)
    USART_LINCmd                             0x080087e1   Thumb Code    24  stm32f10x_usart.o(.text)
    USART_SendData                           0x080087f9   Thumb Code     8  stm32f10x_usart.o(.text)
    USART_ReceiveData                        0x08008801   Thumb Code    10  stm32f10x_usart.o(.text)
    USART_SendBreak                          0x0800880b   Thumb Code    10  stm32f10x_usart.o(.text)
    USART_SetGuardTime                       0x08008815   Thumb Code    16  stm32f10x_usart.o(.text)
    USART_SetPrescaler                       0x08008825   Thumb Code    16  stm32f10x_usart.o(.text)
    USART_SmartCardCmd                       0x08008835   Thumb Code    24  stm32f10x_usart.o(.text)
    USART_SmartCardNACKCmd                   0x0800884d   Thumb Code    24  stm32f10x_usart.o(.text)
    USART_HalfDuplexCmd                      0x08008865   Thumb Code    24  stm32f10x_usart.o(.text)
    USART_OverSampling8Cmd                   0x0800887d   Thumb Code    22  stm32f10x_usart.o(.text)
    USART_OneBitMethodCmd                    0x08008893   Thumb Code    24  stm32f10x_usart.o(.text)
    USART_IrDAConfig                         0x080088ab   Thumb Code    18  stm32f10x_usart.o(.text)
    USART_IrDACmd                            0x080088bd   Thumb Code    24  stm32f10x_usart.o(.text)
    USART_GetFlagStatus                      0x080088d5   Thumb Code    26  stm32f10x_usart.o(.text)
    USART_ClearFlag                          0x080088ef   Thumb Code    18  stm32f10x_usart.o(.text)
    USART_GetITStatus                        0x08008901   Thumb Code    84  stm32f10x_usart.o(.text)
    USART_ClearITPendingBit                  0x08008955   Thumb Code    52  stm32f10x_usart.o(.text)
    NVIC_PriorityGroupConfig                 0x08008989   Thumb Code    10  misc.o(.text)
    NVIC_Init                                0x08008993   Thumb Code   102  misc.o(.text)
    NVIC_SetVectorTable                      0x080089f9   Thumb Code    14  misc.o(.text)
    NVIC_SystemLPConfig                      0x08008a07   Thumb Code    34  misc.o(.text)
    SysTick_CLKSourceConfig                  0x08008a29   Thumb Code    40  misc.o(.text)
    ADC_DeInit                               0x08008a65   Thumb Code    78  stm32f10x_adc.o(.text)
    ADC_Init                                 0x08008ab3   Thumb Code    70  stm32f10x_adc.o(.text)
    ADC_StructInit                           0x08008af9   Thumb Code    18  stm32f10x_adc.o(.text)
    ADC_Cmd                                  0x08008b0b   Thumb Code    22  stm32f10x_adc.o(.text)
    ADC_DMACmd                               0x08008b21   Thumb Code    22  stm32f10x_adc.o(.text)
    ADC_ITConfig                             0x08008b37   Thumb Code    24  stm32f10x_adc.o(.text)
    ADC_ResetCalibration                     0x08008b4f   Thumb Code    10  stm32f10x_adc.o(.text)
    ADC_GetResetCalibrationStatus            0x08008b59   Thumb Code    20  stm32f10x_adc.o(.text)
    ADC_StartCalibration                     0x08008b6d   Thumb Code    10  stm32f10x_adc.o(.text)
    ADC_GetCalibrationStatus                 0x08008b77   Thumb Code    20  stm32f10x_adc.o(.text)
    ADC_SoftwareStartConvCmd                 0x08008b8b   Thumb Code    22  stm32f10x_adc.o(.text)
    ADC_GetSoftwareStartConvStatus           0x08008ba1   Thumb Code    20  stm32f10x_adc.o(.text)
    ADC_DiscModeChannelCountConfig           0x08008bb5   Thumb Code    24  stm32f10x_adc.o(.text)
    ADC_DiscModeCmd                          0x08008bcd   Thumb Code    22  stm32f10x_adc.o(.text)
    ADC_RegularChannelConfig                 0x08008be3   Thumb Code   184  stm32f10x_adc.o(.text)
    ADC_ExternalTrigConvCmd                  0x08008c9b   Thumb Code    22  stm32f10x_adc.o(.text)
    ADC_GetConversionValue                   0x08008cb1   Thumb Code     8  stm32f10x_adc.o(.text)
    ADC_GetDualModeConversionValue           0x08008cb9   Thumb Code     8  stm32f10x_adc.o(.text)
    ADC_AutoInjectedConvCmd                  0x08008cc1   Thumb Code    22  stm32f10x_adc.o(.text)
    ADC_InjectedDiscModeCmd                  0x08008cd7   Thumb Code    22  stm32f10x_adc.o(.text)
    ADC_ExternalTrigInjectedConvConfig       0x08008ced   Thumb Code    16  stm32f10x_adc.o(.text)
    ADC_ExternalTrigInjectedConvCmd          0x08008cfd   Thumb Code    22  stm32f10x_adc.o(.text)
    ADC_SoftwareStartInjectedConvCmd         0x08008d13   Thumb Code    22  stm32f10x_adc.o(.text)
    ADC_GetSoftwareStartInjectedConvCmdStatus 0x08008d29   Thumb Code    20  stm32f10x_adc.o(.text)
    ADC_InjectedChannelConfig                0x08008d3d   Thumb Code   130  stm32f10x_adc.o(.text)
    ADC_InjectedSequencerLengthConfig        0x08008dbf   Thumb Code    24  stm32f10x_adc.o(.text)
    ADC_SetInjectedOffset                    0x08008dd7   Thumb Code    20  stm32f10x_adc.o(.text)
    ADC_GetInjectedConversionValue           0x08008deb   Thumb Code    28  stm32f10x_adc.o(.text)
    ADC_AnalogWatchdogCmd                    0x08008e07   Thumb Code    16  stm32f10x_adc.o(.text)
    ADC_AnalogWatchdogThresholdsConfig       0x08008e17   Thumb Code     6  stm32f10x_adc.o(.text)
    ADC_AnalogWatchdogSingleChannelConfig    0x08008e1d   Thumb Code    16  stm32f10x_adc.o(.text)
    ADC_TempSensorVrefintCmd                 0x08008e2d   Thumb Code    64  stm32f10x_adc.o(.text)
    ADC_GetFlagStatus                        0x08008e6d   Thumb Code    18  stm32f10x_adc.o(.text)
    ADC_ClearFlag                            0x08008e7f   Thumb Code     6  stm32f10x_adc.o(.text)
    ADC_GetITStatus                          0x08008e85   Thumb Code    36  stm32f10x_adc.o(.text)
    ADC_ClearITPendingBit                    0x08008ea9   Thumb Code    10  stm32f10x_adc.o(.text)
    TIM_DeInit                               0x08008eb5   Thumb Code   424  stm32f10x_tim.o(.text)
    TIM_TimeBaseInit                         0x0800905d   Thumb Code   122  stm32f10x_tim.o(.text)
    TIM_OC1Init                              0x080090d7   Thumb Code   132  stm32f10x_tim.o(.text)
    TIM_OC2Init                              0x0800915b   Thumb Code   154  stm32f10x_tim.o(.text)
    TIM_OC3Init                              0x080091f5   Thumb Code   150  stm32f10x_tim.o(.text)
    TIM_OC4Init                              0x0800928b   Thumb Code   182  stm32f10x_tim.o(.text)
    TIM_SetIC4Prescaler                      0x08009341   Thumb Code    26  stm32f10x_tim.o(.text)
    TIM_SetIC3Prescaler                      0x080093dd   Thumb Code    18  stm32f10x_tim.o(.text)
    TIM_SetIC2Prescaler                      0x08009469   Thumb Code    26  stm32f10x_tim.o(.text)
    TIM_SetIC1Prescaler                      0x08009505   Thumb Code    18  stm32f10x_tim.o(.text)
    TIM_ICInit                               0x08009583   Thumb Code   150  stm32f10x_tim.o(.text)
    TIM_PWMIConfig                           0x08009619   Thumb Code   124  stm32f10x_tim.o(.text)
    TIM_BDTRConfig                           0x08009695   Thumb Code    32  stm32f10x_tim.o(.text)
    TIM_TimeBaseStructInit                   0x080096b5   Thumb Code    18  stm32f10x_tim.o(.text)
    TIM_OCStructInit                         0x080096c7   Thumb Code    20  stm32f10x_tim.o(.text)
    TIM_ICStructInit                         0x080096db   Thumb Code    18  stm32f10x_tim.o(.text)
    TIM_BDTRStructInit                       0x080096ed   Thumb Code    40  stm32f10x_tim.o(.text)
    TIM_Cmd                                  0x08009715   Thumb Code    24  stm32f10x_tim.o(.text)
    TIM_CtrlPWMOutputs                       0x0800972d   Thumb Code    30  stm32f10x_tim.o(.text)
    TIM_ITConfig                             0x0800974b   Thumb Code    18  stm32f10x_tim.o(.text)
    TIM_GenerateEvent                        0x0800975d   Thumb Code     4  stm32f10x_tim.o(.text)
    TIM_DMAConfig                            0x08009761   Thumb Code    10  stm32f10x_tim.o(.text)
    TIM_DMACmd                               0x0800976b   Thumb Code    18  stm32f10x_tim.o(.text)
    TIM_InternalClockConfig                  0x0800977d   Thumb Code    12  stm32f10x_tim.o(.text)
    TIM_SelectInputTrigger                   0x08009789   Thumb Code    18  stm32f10x_tim.o(.text)
    TIM_ITRxExternalClockConfig              0x0800979b   Thumb Code    24  stm32f10x_tim.o(.text)
    TIM_TIxExternalClockConfig               0x080097b3   Thumb Code    62  stm32f10x_tim.o(.text)
    TIM_ETRConfig                            0x080097f1   Thumb Code    28  stm32f10x_tim.o(.text)
    TIM_ETRClockMode1Config                  0x0800980d   Thumb Code    54  stm32f10x_tim.o(.text)
    TIM_ETRClockMode2Config                  0x08009843   Thumb Code    32  stm32f10x_tim.o(.text)
    TIM_PrescalerConfig                      0x08009863   Thumb Code     6  stm32f10x_tim.o(.text)
    TIM_CounterModeConfig                    0x08009869   Thumb Code    18  stm32f10x_tim.o(.text)
    TIM_EncoderInterfaceConfig               0x0800987b   Thumb Code    66  stm32f10x_tim.o(.text)
    TIM_ForcedOC1Config                      0x080098bd   Thumb Code    18  stm32f10x_tim.o(.text)
    TIM_ForcedOC2Config                      0x080098cf   Thumb Code    26  stm32f10x_tim.o(.text)
    TIM_ForcedOC3Config                      0x080098e9   Thumb Code    18  stm32f10x_tim.o(.text)
    TIM_ForcedOC4Config                      0x080098fb   Thumb Code    26  stm32f10x_tim.o(.text)
    TIM_ARRPreloadConfig                     0x08009915   Thumb Code    24  stm32f10x_tim.o(.text)
    TIM_SelectCOM                            0x0800992d   Thumb Code    24  stm32f10x_tim.o(.text)
    TIM_SelectCCDMA                          0x08009945   Thumb Code    24  stm32f10x_tim.o(.text)
    TIM_CCPreloadControl                     0x0800995d   Thumb Code    24  stm32f10x_tim.o(.text)
    TIM_OC1PreloadConfig                     0x08009975   Thumb Code    18  stm32f10x_tim.o(.text)
    TIM_OC2PreloadConfig                     0x08009987   Thumb Code    26  stm32f10x_tim.o(.text)
    TIM_OC3PreloadConfig                     0x080099a1   Thumb Code    18  stm32f10x_tim.o(.text)
    TIM_OC4PreloadConfig                     0x080099b3   Thumb Code    26  stm32f10x_tim.o(.text)
    TIM_OC1FastConfig                        0x080099cd   Thumb Code    18  stm32f10x_tim.o(.text)
    TIM_OC2FastConfig                        0x080099df   Thumb Code    26  stm32f10x_tim.o(.text)
    TIM_OC3FastConfig                        0x080099f9   Thumb Code    18  stm32f10x_tim.o(.text)
    TIM_OC4FastConfig                        0x08009a0b   Thumb Code    26  stm32f10x_tim.o(.text)
    TIM_ClearOC1Ref                          0x08009a25   Thumb Code    18  stm32f10x_tim.o(.text)
    TIM_ClearOC2Ref                          0x08009a37   Thumb Code    24  stm32f10x_tim.o(.text)
    TIM_ClearOC3Ref                          0x08009a4f   Thumb Code    18  stm32f10x_tim.o(.text)
    TIM_ClearOC4Ref                          0x08009a61   Thumb Code    24  stm32f10x_tim.o(.text)
    TIM_OC1PolarityConfig                    0x08009a79   Thumb Code    18  stm32f10x_tim.o(.text)
    TIM_OC1NPolarityConfig                   0x08009a8b   Thumb Code    18  stm32f10x_tim.o(.text)
    TIM_OC2PolarityConfig                    0x08009a9d   Thumb Code    26  stm32f10x_tim.o(.text)
    TIM_OC2NPolarityConfig                   0x08009ab7   Thumb Code    26  stm32f10x_tim.o(.text)
    TIM_OC3PolarityConfig                    0x08009ad1   Thumb Code    26  stm32f10x_tim.o(.text)
    TIM_OC3NPolarityConfig                   0x08009aeb   Thumb Code    26  stm32f10x_tim.o(.text)
    TIM_OC4PolarityConfig                    0x08009b05   Thumb Code    26  stm32f10x_tim.o(.text)
    TIM_CCxCmd                               0x08009b1f   Thumb Code    30  stm32f10x_tim.o(.text)
    TIM_CCxNCmd                              0x08009b3d   Thumb Code    30  stm32f10x_tim.o(.text)
    TIM_SelectOCxM                           0x08009b5b   Thumb Code    82  stm32f10x_tim.o(.text)
    TIM_UpdateDisableConfig                  0x08009bad   Thumb Code    24  stm32f10x_tim.o(.text)
    TIM_UpdateRequestConfig                  0x08009bc5   Thumb Code    24  stm32f10x_tim.o(.text)
    TIM_SelectHallSensor                     0x08009bdd   Thumb Code    24  stm32f10x_tim.o(.text)
    TIM_SelectOnePulseMode                   0x08009bf5   Thumb Code    18  stm32f10x_tim.o(.text)
    TIM_SelectOutputTrigger                  0x08009c07   Thumb Code    18  stm32f10x_tim.o(.text)
    TIM_SelectSlaveMode                      0x08009c19   Thumb Code    18  stm32f10x_tim.o(.text)
    TIM_SelectMasterSlaveMode                0x08009c2b   Thumb Code    18  stm32f10x_tim.o(.text)
    TIM_SetCounter                           0x08009c3d   Thumb Code     4  stm32f10x_tim.o(.text)
    TIM_SetAutoreload                        0x08009c41   Thumb Code     4  stm32f10x_tim.o(.text)
    TIM_SetCompare1                          0x08009c45   Thumb Code     4  stm32f10x_tim.o(.text)
    TIM_SetCompare2                          0x08009c49   Thumb Code     4  stm32f10x_tim.o(.text)
    TIM_SetCompare3                          0x08009c4d   Thumb Code     4  stm32f10x_tim.o(.text)
    TIM_SetCompare4                          0x08009c51   Thumb Code     6  stm32f10x_tim.o(.text)
    TIM_SetClockDivision                     0x08009c57   Thumb Code    18  stm32f10x_tim.o(.text)
    TIM_GetCapture1                          0x08009c69   Thumb Code     6  stm32f10x_tim.o(.text)
    TIM_GetCapture2                          0x08009c6f   Thumb Code     6  stm32f10x_tim.o(.text)
    TIM_GetCapture3                          0x08009c75   Thumb Code     6  stm32f10x_tim.o(.text)
    TIM_GetCapture4                          0x08009c7b   Thumb Code     8  stm32f10x_tim.o(.text)
    TIM_GetCounter                           0x08009c83   Thumb Code     6  stm32f10x_tim.o(.text)
    TIM_GetPrescaler                         0x08009c89   Thumb Code     6  stm32f10x_tim.o(.text)
    TIM_GetFlagStatus                        0x08009c8f   Thumb Code    18  stm32f10x_tim.o(.text)
    TIM_ClearFlag                            0x08009ca1   Thumb Code     6  stm32f10x_tim.o(.text)
    TIM_GetITStatus                          0x08009ca7   Thumb Code    34  stm32f10x_tim.o(.text)
    TIM_ClearITPendingBit                    0x08009cc9   Thumb Code     6  stm32f10x_tim.o(.text)
    EXTI_DeInit                              0x08009cd1   Thumb Code    28  stm32f10x_exti.o(.text)
    EXTI_Init                                0x08009ced   Thumb Code   142  stm32f10x_exti.o(.text)
    EXTI_StructInit                          0x08009d7b   Thumb Code    16  stm32f10x_exti.o(.text)
    EXTI_GenerateSWInterrupt                 0x08009d8b   Thumb Code    16  stm32f10x_exti.o(.text)
    EXTI_GetFlagStatus                       0x08009d9b   Thumb Code    22  stm32f10x_exti.o(.text)
    EXTI_ClearFlag                           0x08009db1   Thumb Code     8  stm32f10x_exti.o(.text)
    EXTI_GetITStatus                         0x08009db9   Thumb Code    34  stm32f10x_exti.o(.text)
    EXTI_ClearITPendingBit                   0x08009ddb   Thumb Code     8  stm32f10x_exti.o(.text)
    protocol_pipe_init                       0x08009ded   Thumb Code    42  protocol.o(.text)
    protocol_pipe_parseFrame                 0x08009e17   Thumb Code    92  protocol.o(.text)
    protocol_pipe_Pack                       0x08009e73   Thumb Code   138  protocol.o(.text)
    protocol_pipe_get_IdValue_FromPack       0x08009efd   Thumb Code    98  protocol.o(.text)
    protocol_pipe_get_IdValue                0x08009f5f   Thumb Code   140  protocol.o(.text)
    protocol_pipe_put                        0x08009feb   Thumb Code    32  protocol.o(.text)
    protocol_compare                         0x0800a00b   Thumb Code    48  protocol.o(.text)
    protocol_atoi                            0x0800a03b   Thumb Code    34  protocol.o(.text)
    protocol_valuelen                        0x0800a05d   Thumb Code    34  protocol.o(.text)
    protocol_send_init                       0x0800a07f   Thumb Code     6  protocol.o(.text)
    protocol_send_start                      0x0800a085   Thumb Code    18  protocol.o(.text)
    protocol_send_insert_value               0x0800a097   Thumb Code    20  protocol.o(.text)
    protocol_send_IdValue_int                0x0800a0ab   Thumb Code   158  protocol.o(.text)
    protocol_send_IdValue_str                0x0800a149   Thumb Code    94  protocol.o(.text)
    protocol_send_complete                   0x0800a1a7   Thumb Code    36  protocol.o(.text)
    float2char                               0x0800a1cb   Thumb Code   188  protocol.o(.text)
    protocol_send_IdValue_float              0x0800a287   Thumb Code    54  protocol.o(.text)
    sensor_hal_protocol_init                 0x0800a2bd   Thumb Code     6  protocol.o(.text)
    GetSensor_IdValue_int                    0x0800a2c3   Thumb Code    20  protocol.o(.text)
    GetSensor_IdValue_str                    0x0800a2d7   Thumb Code    20  protocol.o(.text)
    GetSensor_date_time                      0x0800a2eb   Thumb Code    16  protocol.o(.text)
    GetSensor_Time                           0x0800a2fb   Thumb Code    30  protocol.o(.text)
    RINGBUF_Init                             0x0800a331   Thumb Code    32  ringbuffer.o(.text)
    RINGBUF_Put                              0x0800a351   Thumb Code    60  ringbuffer.o(.text)
    RINGBUF_Get                              0x0800a38d   Thumb Code    60  ringbuffer.o(.text)
    timer_init                               0x0800a3c9   Thumb Code    28  soft_timer.o(.text)
    timer_start                              0x0800a3e5   Thumb Code    38  soft_timer.o(.text)
    timer_stop                               0x0800a40b   Thumb Code    32  soft_timer.o(.text)
    timer_loop                               0x0800a42b   Thumb Code    54  soft_timer.o(.text)
    timer_ticks                              0x0800a461   Thumb Code    12  soft_timer.o(.text)
    __aeabi_memcpy                           0x0800a475   Thumb Code    36  memcpya.o(.text)
    __aeabi_memcpy4                          0x0800a475   Thumb Code     0  memcpya.o(.text)
    __aeabi_memcpy8                          0x0800a475   Thumb Code     0  memcpya.o(.text)
    __aeabi_memset                           0x0800a499   Thumb Code    14  memseta.o(.text)
    __aeabi_memset4                          0x0800a499   Thumb Code     0  memseta.o(.text)
    __aeabi_memset8                          0x0800a499   Thumb Code     0  memseta.o(.text)
    __aeabi_memclr                           0x0800a4a7   Thumb Code     4  memseta.o(.text)
    __aeabi_memclr4                          0x0800a4a7   Thumb Code     0  memseta.o(.text)
    __aeabi_memclr8                          0x0800a4a7   Thumb Code     0  memseta.o(.text)
    _memset$wrapper                          0x0800a4ab   Thumb Code    18  memseta.o(.text)
    strstr                                   0x0800a4bd   Thumb Code    36  strstr.o(.text)
    strcpy                                   0x0800a4e1   Thumb Code    18  strcpy.o(.text)
    __aeabi_fadd                             0x0800a4f3   Thumb Code   164  fadd.o(.text)
    __aeabi_fsub                             0x0800a597   Thumb Code     6  fadd.o(.text)
    __aeabi_frsub                            0x0800a59d   Thumb Code     6  fadd.o(.text)
    __aeabi_fmul                             0x0800a5a3   Thumb Code   108  fmul.o(.text)
    __aeabi_fdiv                             0x0800a60f   Thumb Code   128  fdiv.o(.text)
    __aeabi_dmul                             0x0800a68f   Thumb Code   228  dmul.o(.text)
    __aeabi_ddiv                             0x0800a773   Thumb Code   222  ddiv.o(.text)
    __aeabi_i2f                              0x0800a851   Thumb Code    18  fflti.o(.text)
    __aeabi_ui2f                             0x0800a863   Thumb Code    10  ffltui.o(.text)
    __aeabi_i2d                              0x0800a86d   Thumb Code    34  dflti.o(.text)
    __aeabi_ui2d                             0x0800a88f   Thumb Code    26  dfltui.o(.text)
    __aeabi_f2iz                             0x0800a8a9   Thumb Code    50  ffixi.o(.text)
    __aeabi_f2uiz                            0x0800a8db   Thumb Code    40  ffixui.o(.text)
    __aeabi_d2uiz                            0x0800a903   Thumb Code    50  dfixui.o(.text)
    __aeabi_f2d                              0x0800a935   Thumb Code    38  f2d.o(.text)
    __aeabi_d2f                              0x0800a95b   Thumb Code    56  d2f.o(.text)
    __aeabi_cfcmpeq                          0x0800a995   Thumb Code     0  cfcmple.o(.text)
    __aeabi_cfcmple                          0x0800a995   Thumb Code    20  cfcmple.o(.text)
    __aeabi_cfrcmple                         0x0800a9a9   Thumb Code    20  cfrcmple.o(.text)
    __aeabi_uidiv                            0x0800a9bd   Thumb Code     0  uidiv.o(.text)
    __aeabi_uidivmod                         0x0800a9bd   Thumb Code    44  uidiv.o(.text)
    __aeabi_uldivmod                         0x0800a9e9   Thumb Code    98  uldiv.o(.text)
    __aeabi_llsr                             0x0800aa4b   Thumb Code    32  llushr.o(.text)
    _ll_ushift_r                             0x0800aa4b   Thumb Code     0  llushr.o(.text)
    __I$use$fp                               0x0800aa6b   Thumb Code     0  iusefp.o(.text)
    _float_round                             0x0800aa6b   Thumb Code    18  fepilogue.o(.text)
    _float_epilogue                          0x0800aa7d   Thumb Code    90  fepilogue.o(.text)
    _double_round                            0x0800aad7   Thumb Code    26  depilogue.o(.text)
    _double_epilogue                         0x0800aaf1   Thumb Code   164  depilogue.o(.text)
    __aeabi_dadd                             0x0800ab95   Thumb Code   322  dadd.o(.text)
    __aeabi_dsub                             0x0800acd7   Thumb Code     6  dadd.o(.text)
    __aeabi_drsub                            0x0800acdd   Thumb Code     6  dadd.o(.text)
    __aeabi_d2ulz                            0x0800ace3   Thumb Code    48  dfixul.o(.text)
    __aeabi_cdrcmple                         0x0800ad15   Thumb Code    38  cdrcmple.o(.text)
    __scatterload                            0x0800ad3d   Thumb Code    28  init.o(.text)
    __scatterload_rt2                        0x0800ad3d   Thumb Code     0  init.o(.text)
    __aeabi_llsl                             0x0800ad61   Thumb Code    30  llshl.o(.text)
    _ll_shift_l                              0x0800ad61   Thumb Code     0  llshl.o(.text)
    __aeabi_lasr                             0x0800ad7f   Thumb Code    36  llsshr.o(.text)
    _ll_sshift_r                             0x0800ad7f   Thumb Code     0  llsshr.o(.text)
    __decompress                             0x0800ada3   Thumb Code     0  __dczerorl2.o(.text)
    __decompress1                            0x0800ada3   Thumb Code    92  __dczerorl2.o(.text)
    __0sprintf                               0x0800ae01   Thumb Code    34  printfa.o(i.__0sprintf)
    __1sprintf                               0x0800ae01   Thumb Code     0  printfa.o(i.__0sprintf)
    __2sprintf                               0x0800ae01   Thumb Code     0  printfa.o(i.__0sprintf)
    __c89sprintf                             0x0800ae01   Thumb Code     0  printfa.o(i.__0sprintf)
    sprintf                                  0x0800ae01   Thumb Code     0  printfa.o(i.__0sprintf)
    __scatterload_copy                       0x0800ae29   Thumb Code    14  handlers.o(i.__scatterload_copy)
    __scatterload_null                       0x0800ae37   Thumb Code     2  handlers.o(i.__scatterload_null)
    __scatterload_zeroinit                   0x0800ae39   Thumb Code    14  handlers.o(i.__scatterload_zeroinit)
    F6x8                                     0x0800b6f4   Data         552  oled.o(.constdata)
    F8X16                                    0x0800b91c   Data        1520  oled.o(.constdata)
    Fchinese                                 0x0800bf0c   Data         384  oled.o(.constdata)
    auw_hamm                                 0x0800c0d2   Data          62  algorithm.o(.constdata)
    uch_spo2_table                           0x0800c110   Data         184  algorithm.o(.constdata)
    Region$$Table$$Base                      0x0800c228   Number         0  anon$$obj.o(Region$$Table)
    Region$$Table$$Limit                     0x0800c248   Number         0  anon$$obj.o(Region$$Table)
    GlobalVar_Module_status_updata_value1    0x20000000   Data           1  main.o(.data)
    GlobalVar_Module_status_updata_value2    0x20000001   Data           1  main.o(.data)
    GlobalVar_Module_status_updata_value3    0x20000002   Data           1  main.o(.data)
    GlobalVar_Module_status_updata_value4    0x20000003   Data           1  main.o(.data)
    GlobalVar_Controls_Module_status_jdq     0x20000004   Data           1  main.o(.data)
    SystemCoreClock                          0x20000008   Data           4  system_stm32f10x.o(.data)
    AHBPrescTable                            0x2000000c   Data          16  system_stm32f10x.o(.data)
    maichongjishu                            0x2000002c   Data           4  gpio.o(.data)
    GlobalVar_sensor_distance                0x20000048   Data           4  sensor_hal.o(.data)
    GlobalVar_sensor_distance_2              0x2000004c   Data           4  sensor_hal.o(.data)
    GlobalVar_sensor_DO1                     0x20000050   Data           4  sensor_hal.o(.data)
    GlobalVar_sensor_huoyan                  0x20000054   Data           4  sensor_hal.o(.data)
    GlobalVar_sensor_hongwai_duiguan         0x20000058   Data           4  sensor_hal.o(.data)
    GlobalVar_sensor_SD_cesu                 0x2000005c   Data           4  sensor_hal.o(.data)
    GlobalVar_sensor_DO_diedao               0x20000060   Data           4  sensor_hal.o(.data)
    GlobalVar_sensor_DO2                     0x20000064   Data           4  sensor_hal.o(.data)
    GlobalVar_sensor_DO3                     0x20000068   Data           4  sensor_hal.o(.data)
    GlobalVar_sensor_DO4                     0x2000006c   Data           4  sensor_hal.o(.data)
    GlobalVar_sensor_DO5                     0x20000070   Data           4  sensor_hal.o(.data)
    GlobalVar_sensor_AO1                     0x20000074   Data           4  sensor_hal.o(.data)
    GlobalVar_sensor_AO2                     0x20000078   Data           4  sensor_hal.o(.data)
    GlobalVar_sensor_TDS_wendu               0x2000007c   Data           4  sensor_hal.o(.data)
    GlobalVar_sensor_TDS                     0x20000080   Data           4  sensor_hal.o(.data)
    GlobalVar_sensor_dht11_wendu             0x20000084   Data           4  sensor_hal.o(.data)
    GlobalVar_sensor_dht11_shidu             0x20000088   Data           4  sensor_hal.o(.data)
    GlobalVar_sensor_ds18b20_wendu           0x2000008c   Data           4  sensor_hal.o(.data)
    GlobalVar_sensor_heart                   0x20000090   Data           4  sensor_hal.o(.data)
    GlobalVar_sensor_RenTi                   0x20000094   Data           4  sensor_hal.o(.data)
    GlobalVar_sensor_RenTi_2                 0x20000098   Data           4  sensor_hal.o(.data)
    GlobalVar_sensor_guangqiang              0x2000009c   Data           4  sensor_hal.o(.data)
    GlobalVar_sensor_shuiwei                 0x200000a0   Data           4  sensor_hal.o(.data)
    GlobalVar_sensor_turang                  0x200000a4   Data           4  sensor_hal.o(.data)
    GlobalVar_sensor_jiguangceju             0x200000a8   Data           4  sensor_hal.o(.data)
    GlobalVar_sensor_dianya                  0x200000ac   Data           4  sensor_hal.o(.data)
    GlobalVar_sensor_dianliu                 0x200000b0   Data           4  sensor_hal.o(.data)
    GlobalVar_sensor_xinlv                   0x200000b4   Data           4  sensor_hal.o(.data)
    GlobalVar_sensor_xueyang                 0x200000b8   Data           4  sensor_hal.o(.data)
    GlobalVar_sensor_PulseSpeed              0x200000bc   Data           4  sensor_hal.o(.data)
    GlobalVar_sensor_yali                    0x200000c0   Data           4  sensor_hal.o(.data)
    GlobalVar_sensor_voice                   0x200000c4   Data           4  sensor_hal.o(.data)
    GlobalVar_sensor_yanwu                   0x200000c8   Data           4  sensor_hal.o(.data)
    GlobalVar_sensor_yanwu_2                 0x200000cc   Data           4  sensor_hal.o(.data)
    GlobalVar_sensor_MQ1                     0x200000d0   Data           4  sensor_hal.o(.data)
    GlobalVar_sensor_MQ2                     0x200000d4   Data           4  sensor_hal.o(.data)
    GlobalVar_sensor_MQ3                     0x200000d8   Data           4  sensor_hal.o(.data)
    GlobalVar_sensor_MQ4                     0x200000dc   Data           4  sensor_hal.o(.data)
    GlobalVar_sensor_yudi                    0x200000e0   Data           4  sensor_hal.o(.data)
    GlobalVar_sensor_zhuodu                  0x200000e4   Data           4  sensor_hal.o(.data)
    GlobalVar_sensor_ph                      0x200000e8   Data           4  sensor_hal.o(.data)
    GlobalVar_sensor_ph_float                0x200000ec   Data           4  sensor_hal.o(.data)
    GlobalVar_sensor_hongwai_wendu           0x200000f0   Data           4  sensor_hal.o(.data)
    GlobalVar_sensor_ph_dan_lin_jia_PH       0x200000f4   Data           4  sensor_hal.o(.data)
    GlobalVar_sensor_ph_dan_lin_jia_DAN      0x200000f8   Data           4  sensor_hal.o(.data)
    GlobalVar_sensor_ph_dan_lin_jia_LIN      0x200000fc   Data           4  sensor_hal.o(.data)
    GlobalVar_sensor_ph_dan_lin_jia_JIA      0x20000100   Data           4  sensor_hal.o(.data)
    GlobalVar_sensor_hongwai_juli            0x20000104   Data           4  sensor_hal.o(.data)
    GlobalVar_sensor_pm25                    0x20000108   Data           4  sensor_hal.o(.data)
    GlobalVar_sensor_light                   0x2000010c   Data           4  sensor_hal.o(.data)
    GlobalVar_sensor_zhendong_DO             0x20000110   Data           4  sensor_hal.o(.data)
    GlobalVar_sensor_zhendong_AO             0x20000114   Data           4  sensor_hal.o(.data)
    GlobalVar_sensor_6050_x                  0x20000118   Data           4  sensor_hal.o(.data)
    GlobalVar_sensor_6050_y                  0x2000011c   Data           4  sensor_hal.o(.data)
    GlobalVar_sensor_6050_z                  0x20000120   Data           4  sensor_hal.o(.data)
    GlobalVar_sensor_max30102_xinlv          0x20000124   Data           4  sensor_hal.o(.data)
    GlobalVar_sensor_max30102_xueyang        0x20000128   Data           4  sensor_hal.o(.data)
    GlobalVar_sensor_ziwaixian               0x2000012c   Data           4  sensor_hal.o(.data)
    GlobalVar_sensor_key_press_1             0x20000130   Data           1  sensor_hal.o(.data)
    GlobalVar_sensor_key_vlaue_1             0x20000131   Data           1  sensor_hal.o(.data)
    GlobalVar_sensor_key_press_2             0x20000132   Data           1  sensor_hal.o(.data)
    GlobalVar_sensor_key_vlaue_2             0x20000133   Data           1  sensor_hal.o(.data)
    GlobalVar_sensor_key16_vlaue             0x20000134   Data           1  sensor_hal.o(.data)
    GlobalVar_sensor_online_response         0x20000138   Data           4  sensor_hal.o(.data)
    GlobalVar_sensor_maichongjishu           0x2000013c   Data           4  sensor_hal.o(.data)
    GlobalVar_sensor_interval_time           0x20000140   Data           4  sensor_hal.o(.data)
    GlobalVar_sensor_sudu                    0x20000144   Data           4  sensor_hal.o(.data)
    GlobalVar_sensor_juli                    0x20000148   Data           4  sensor_hal.o(.data)
    GlobalVar_sensor_liuliang_enter          0x2000014c   Data           4  sensor_hal.o(.data)
    GlobalVar_sensor_liuliang_output         0x20000150   Data           4  sensor_hal.o(.data)
    GlobalVar_sensor_beep_init               0x20000154   Data           4  sensor_hal.o(.data)
    GlobalVar_sensor_beep_interval           0x20000158   Data           4  sensor_hal.o(.data)
    GlobalVar_flag_auto_adjust_RX            0x2000015c   Data           1  sensor_hal.o(.data)
    GlobalVar_flag_auto_adjust_tds           0x2000015d   Data           1  sensor_hal.o(.data)
    GlobalVar_flag_auto_adjust_wendu         0x2000015e   Data           1  sensor_hal.o(.data)
    GlobalVar_flag_auto_adjust_moshi         0x2000015f   Data           1  sensor_hal.o(.data)
    GlobalVar_flag_auto_adjust_churuku       0x20000160   Data           1  sensor_hal.o(.data)
    GlobalVar_flag_auto_adjust_shidu         0x20000161   Data           1  sensor_hal.o(.data)
    GlobalVar_flag_auto_adjust_yanwu         0x20000162   Data           1  sensor_hal.o(.data)
    GlobalVar_flag_auto_adjust_yanwu_2       0x20000163   Data           1  sensor_hal.o(.data)
    GlobalVar_flag_auto_adjust_MQ1           0x20000164   Data           1  sensor_hal.o(.data)
    GlobalVar_flag_auto_adjust_MQ2           0x20000165   Data           1  sensor_hal.o(.data)
    GlobalVar_flag_auto_adjust_ziwaixian     0x20000166   Data           1  sensor_hal.o(.data)
    GlobalVar_flag_auto_adjust_renti         0x20000167   Data           1  sensor_hal.o(.data)
    GlobalVar_flag_auto_adjust_guangqiang    0x20000168   Data           1  sensor_hal.o(.data)
    GlobalVar_flag_auto_adjust_turang        0x20000169   Data           1  sensor_hal.o(.data)
    GlobalVar_flag_auto_adjust_shuiwei       0x2000016a   Data           1  sensor_hal.o(.data)
    GlobalVar_flag_auto_adjust_dianliu       0x2000016b   Data           1  sensor_hal.o(.data)
    GlobalVar_flag_auto_adjust_dianya        0x2000016c   Data           1  sensor_hal.o(.data)
    GlobalVar_flag_auto_adjust_huoyan        0x2000016d   Data           1  sensor_hal.o(.data)
    GlobalVar_flag_auto_adjust_zhendong      0x2000016e   Data           1  sensor_hal.o(.data)
    GlobalVar_flag_auto_adjust_voice         0x2000016f   Data           1  sensor_hal.o(.data)
    GlobalVar_flag_auto_adjust_yudi          0x20000170   Data           1  sensor_hal.o(.data)
    GlobalVar_flag_auto_adjust_yali          0x20000171   Data           1  sensor_hal.o(.data)
    GlobalVar_flag_auto_adjust_zhuodu        0x20000172   Data           1  sensor_hal.o(.data)
    GlobalVar_flag_auto_adjust_ph            0x20000173   Data           1  sensor_hal.o(.data)
    GlobalVar_flag_auto_adjust               0x20000174   Data           4  sensor_hal.o(.data)
    GlobalVar_flag_max30102_inited           0x20000178   Data           4  sensor_hal.o(.data)
    GlobalVar_flag_auto_adjust_distance      0x2000017c   Data           1  sensor_hal.o(.data)
    GlobalVar_flag_auto_adjust_hongwai_duiguan 0x2000017d   Data           1  sensor_hal.o(.data)
    GlobalVar_flag_scanner_inited            0x2000017e   Data           1  sensor_hal.o(.data)
    GlobalVar_flag_uart6050_inited           0x2000017f   Data           1  sensor_hal.o(.data)
    GlobalVar_flag_gps_inited                0x20000180   Data           1  sensor_hal.o(.data)
    GlobalVar_flag_sudu_inited               0x20000181   Data           1  sensor_hal.o(.data)
    GlobalVar_flag_ph_dan_lin_jia_inited     0x20000182   Data           1  sensor_hal.o(.data)
    GlobalVar_flag_gps_parse_success         0x20000183   Data           1  sensor_hal.o(.data)
    GlobalVar_flag_hongwaiwendu_inited       0x20000184   Data           1  sensor_hal.o(.data)
    GlobalVar_flag_ms53lom_inited            0x20000185   Data           1  sensor_hal.o(.data)
    GlobalVar_flag_pm25_inited               0x20000186   Data           1  sensor_hal.o(.data)
    GlobalVar_flag_tds_inited                0x20000187   Data           1  sensor_hal.o(.data)
    GlobalVar_flag_key_inited                0x20000188   Data           1  sensor_hal.o(.data)
    GlobalVar_flag_time_inited               0x20000189   Data           1  sensor_hal.o(.data)
    GlobalVar_flag_is_inited_zhendong_DO     0x2000018a   Data           1  sensor_hal.o(.data)
    GlobalVar_flag_is_inited_zhendong_AO     0x2000018b   Data           1  sensor_hal.o(.data)
    GlobalVar_flag_key16_inited              0x2000018c   Data           1  sensor_hal.o(.data)
    GlobalVar_flag_liuliang_inited           0x2000018d   Data           1  sensor_hal.o(.data)
    GlobalVar_flag_motor_inited              0x2000018e   Data           1  sensor_hal.o(.data)
    GlobalVar_Threshold_alert_guangqiang_max 0x20000190   Data           4  sensor_hal.o(.data)
    GlobalVar_Threshold_alert_guangqiang_min 0x20000194   Data           4  sensor_hal.o(.data)
    GlobalVar_Threshold_alert_guangqiang     0x20000198   Data           4  sensor_hal.o(.data)
    GlobalVar_Threshold_alert_wendu          0x2000019c   Data           4  sensor_hal.o(.data)
    GlobalVar_Threshold_alert_wendu_max      0x200001a0   Data           4  sensor_hal.o(.data)
    GlobalVar_Threshold_alert_shidu          0x200001a4   Data           4  sensor_hal.o(.data)
    GlobalVar_Threshold_alert_shidu_max      0x200001a8   Data           4  sensor_hal.o(.data)
    GlobalVar_Threshold_alert_tds            0x200001ac   Data           4  sensor_hal.o(.data)
    GlobalVar_Threshold_alert_yanwu          0x200001b0   Data           4  sensor_hal.o(.data)
    GlobalVar_Threshold_alert_yanwu_2        0x200001b4   Data           4  sensor_hal.o(.data)
    GlobalVar_Threshold_alert_MQ1            0x200001b8   Data           4  sensor_hal.o(.data)
    GlobalVar_Threshold_alert_MQ2            0x200001bc   Data           4  sensor_hal.o(.data)
    GlobalVar_Threshold_alert_ziwaixian      0x200001c0   Data           4  sensor_hal.o(.data)
    GlobalVar_Threshold_alert_turang         0x200001c4   Data           4  sensor_hal.o(.data)
    GlobalVar_Threshold_alert_shuiwei        0x200001c8   Data           4  sensor_hal.o(.data)
    GlobalVar_Threshold_alert_dianya         0x200001cc   Data           4  sensor_hal.o(.data)
    GlobalVar_Threshold_alert_dianliu        0x200001d0   Data           4  sensor_hal.o(.data)
    GlobalVar_Threshold_alert_zhendong       0x200001d4   Data           4  sensor_hal.o(.data)
    GlobalVar_Threshold_alert_zhendong_x     0x200001d8   Data           4  sensor_hal.o(.data)
    GlobalVar_Threshold_alert_zhendong_y     0x200001dc   Data           4  sensor_hal.o(.data)
    GlobalVar_Threshold_alert_zhendong_z     0x200001e0   Data           4  sensor_hal.o(.data)
    GlobalVar_Threshold_alert_yudi           0x200001e4   Data           4  sensor_hal.o(.data)
    GlobalVar_Threshold_alert_yali           0x200001e8   Data           4  sensor_hal.o(.data)
    GlobalVar_Threshold_alert_zhuodu         0x200001ec   Data           4  sensor_hal.o(.data)
    GlobalVar_Threshold_alert_ph             0x200001f0   Data           4  sensor_hal.o(.data)
    GlobalVar_Threshold_light_min            0x200001f4   Data           4  sensor_hal.o(.data)
    GlobalVar_Threshold_alert_distance       0x200001f8   Data           4  sensor_hal.o(.data)
    GlobalVar_sensor_key_state               0x200001fc   Data           4  sensor_hal.o(.data)
    GlobalVar_sensor_alert_auto_timer1       0x20000200   Data           4  sensor_hal.o(.data)
    GlobalVar_sensor_alert_t_start1          0x20000204   Data           4  sensor_hal.o(.data)
    GlobalVar_sensor_alert_t_end1            0x20000208   Data           4  sensor_hal.o(.data)
    GlobalVar_Threshold_alert_data1          0x2000020c   Data           4  sensor_hal.o(.data)
    GlobalVar_Threshold_alert_data2          0x20000210   Data           4  sensor_hal.o(.data)
    GlobalVar_Threshold_alert_data3          0x20000214   Data           4  sensor_hal.o(.data)
    GlobalVar_Threshold_alert_data4          0x20000218   Data           4  sensor_hal.o(.data)
    GlobalVar_Adjust_key_select_state1       0x2000021c   Data           4  sensor_hal.o(.data)
    GlobalVar_Adjust_key_select_state4       0x20000220   Data           4  sensor_hal.o(.data)
    GlobalVar_Adjust_key_select_line         0x20000224   Data           4  sensor_hal.o(.data)
    GlobalVar_Adjust_key_modify_number1      0x20000228   Data           4  sensor_hal.o(.data)
    GlobalVar_Adjust_key_modify_number2      0x2000022c   Data           4  sensor_hal.o(.data)
    GlobalVar_Adjust_key_modify_number3      0x20000230   Data           4  sensor_hal.o(.data)
    GlobalVar_Adjust_key_modify_number4      0x20000234   Data           4  sensor_hal.o(.data)
    MOTOR_Direction_Control                  0x20000238   Data           1  sensor_hal.o(.data)
    GlobalVar_phone_number                   0x20000239   Data          13  sensor_hal.o(.data)
    time_current_buffer                      0x20000246   Data          21  sensor_hal.o(.data)
    float_wendu1                             0x2000025b   Data           8  sensor_hal.o(.data)
    UltrasonicWave_Distance_ch1              0x2000030c   Data           4  ultrasonicwave.o(.data)
    UltrasonicWave_Distance_ch2              0x20000310   Data           4  ultrasonicwave.o(.data)
    UltrasonicWave_Distance_ch3              0x20000314   Data           4  ultrasonicwave.o(.data)
    UltrasonicWave_Distance_ch4              0x20000318   Data           4  ultrasonicwave.o(.data)
    WsDat                                    0x2000031c   Data           4  ws2812b.o(.data)
    WsDat_RUN                                0x20000320   Data           4  ws2812b.o(.data)
    GlobalVar_xinlv                          0x20000334   Data           4  max30102.o(.data)
    GlobalVar_xueyang                        0x20000338   Data           4  max30102.o(.data)
    GlobalVar_tiwen                          0x2000033c   Data           4  max30102.o(.data)
    temp_num                                 0x20000340   Data           1  max30102.o(.data)
    dis_hr                                   0x20000341   Data           1  max30102.o(.data)
    dis_spo2                                 0x20000342   Data           1  max30102.o(.data)
    n_ir_buffer_length                       0x2000034c   Data           4  max30102.o(.data)
    n_sp02                                   0x20000350   Data           4  max30102.o(.data)
    ch_spo2_valid                            0x20000354   Data           1  max30102.o(.data)
    n_heart_rate                             0x20000358   Data           4  max30102.o(.data)
    ch_hr_valid                              0x2000035c   Data           1  max30102.o(.data)
    uch_dummy                                0x2000035d   Data           1  max30102.o(.data)
    un_min                                   0x20000360   Data           4  max30102.o(.data)
    un_max                                   0x20000364   Data           4  max30102.o(.data)
    un_prev_data                             0x20000368   Data           4  max30102.o(.data)
    i                                        0x2000036c   Data           4  max30102.o(.data)
    n_brightness                             0x20000370   Data           4  max30102.o(.data)
    f_temp                                   0x20000374   Data           4  max30102.o(.data)
    temp                                     0x20000378   Data           6  max30102.o(.data)
    RX_Count                                 0x200003a0   Data           1  gps.o(.data)
    cfg_server_host                          0x200003c4   Data           4  auxiliary.o(.data)
    sensor_protocol                          0x20000440   Data           4  protocol.o(.data)
    GlobalVar_gps_x                          0x200004d2   Data          15  sensor_hal.o(.bss)
    GlobalVar_gps_y                          0x200004e1   Data          15  sensor_hal.o(.bss)
    zhendong_buffer_100ms                    0x200004f0   Data          80  sensor_hal.o(.bss)
    aun_ir_buffer                            0x20001ce0   Data        2000  max30102.o(.bss)
    aun_red_buffer                           0x200024b0   Data        2000  max30102.o(.bss)
    str                                      0x20002c80   Data         100  max30102.o(.bss)
    gpsRxBuffer                              0x20002d02   Data          76  gps.o(.bss)
    Save_Data                                0x20002d4e   Data         128  gps.o(.bss)
    send_protocol_uart                       0x2000300c   Data          12  auxiliary.o(.bss)
    send_protocol_uart_buff                  0x20003018   Data         512  auxiliary.o(.bss)
    protocol_pipe_uart                       0x20003218   Data          40  auxiliary.o(.bss)
    protocol_pipe_uart_buff                  0x20003240   Data        1024  auxiliary.o(.bss)
    protocol_pipe_uart_2                     0x20003640   Data          40  auxiliary.o(.bss)
    protocol_pipe_uart_buff_2                0x20003668   Data         256  auxiliary.o(.bss)
    Uart_sensor_RB                           0x20003768   Data          20  auxiliary.o(.bss)
    uart_sensor_buff                         0x2000377c   Data         512  auxiliary.o(.bss)
    __initial_sp                             0x20003d90   Data           0  startup_stm32f10x_hd.o(STACK)



==============================================================================

Memory Map of the image

  Image Entry point : 0x08000131

  Load Region LR_IROM1 (Base: 0x08000000, Size: 0x0000c694, Max: 0x00040000, ABSOLUTE, COMPRESSED[0x0000c2d8])

    Execution Region ER_IROM1 (Base: 0x08000000, Size: 0x0000c248, Max: 0x00040000, ABSOLUTE)

    Base Addr    Size         Type   Attr      Idx    E Section Name        Object

    0x08000000   0x00000130   Data   RO          732    RESET               startup_stm32f10x_hd.o
    0x08000130   0x00000000   Code   RO         1098  * .ARM.Collect$$$$00000000  mc_w.l(entry.o)
    0x08000130   0x00000004   Code   RO         1404    .ARM.Collect$$$$00000001  mc_w.l(entry2.o)
    0x08000134   0x00000004   Code   RO         1407    .ARM.Collect$$$$00000004  mc_w.l(entry5.o)
    0x08000138   0x00000000   Code   RO         1409    .ARM.Collect$$$$00000008  mc_w.l(entry7b.o)
    0x08000138   0x00000000   Code   RO         1411    .ARM.Collect$$$$0000000A  mc_w.l(entry8b.o)
    0x08000138   0x00000008   Code   RO         1412    .ARM.Collect$$$$0000000B  mc_w.l(entry9a.o)
    0x08000140   0x00000000   Code   RO         1414    .ARM.Collect$$$$0000000D  mc_w.l(entry10a.o)
    0x08000140   0x00000000   Code   RO         1416    .ARM.Collect$$$$0000000F  mc_w.l(entry11a.o)
    0x08000140   0x00000004   Code   RO         1405    .ARM.Collect$$$$00002712  mc_w.l(entry2.o)
    0x08000144   0x0000049c   Code   RO            1    .text               main.o
    0x080005e0   0x000000c8   Code   RO          201    .text               stm32f10x_it.o
    0x080006a8   0x000001dc   Code   RO          240    .text               system_stm32f10x.o
    0x08000884   0x0000023c   Code   RO          258    .text               adc.o
    0x08000ac0   0x00000198   Code   RO          270    .text               dht11.o
    0x08000c58   0x000002dc   Code   RO          282    .text               ds18b20.o
    0x08000f34   0x0000027c   Code   RO          296    .text               gpio.o
    0x080011b0   0x0000010c   Code   RO          314    .text               hongwaiwendu.o
    0x080012bc   0x00000140   Code   RO          328    .text               hx711.o
    0x080013fc   0x000004e2   Code   RO          345    .text               oled.o
    0x080018de   0x00000002   PAD
    0x080018e0   0x00000194   Code   RO          376    .text               pwm.o
    0x08001a74   0x00000800   Code   RO          391    .text               rc522.o
    0x08002274   0x00001940   Code   RO          417    .text               sensor_hal.o
    0x08003bb4   0x000000cc   Code   RO          438    .text               timer.o
    0x08003c80   0x000004ec   Code   RO          450    .text               ultrasonicwave.o
    0x0800416c   0x000002fc   Code   RO          465    .text               usart.o
    0x08004468   0x00000394   Code   RO          477    .text               ws2812b.o
    0x080047fc   0x000000d0   Code   RO          495    .text               uart6050.o
    0x080048cc   0x000006a0   Code   RO          509    .text               algorithm.o
    0x08004f6c   0x000007f4   Code   RO          528    .text               max30102.o
    0x08005760   0x00000390   Code   RO          547    .text               myiic.o
    0x08005af0   0x000000b8   Code   RO          559    .text               tds.o
    0x08005ba8   0x00000434   Code   RO          573    .text               key.o
    0x08005fdc   0x000001c4   Code   RO          587    .text               gps.o
    0x080061a0   0x000002b8   Code   RO          606    .text               28byj_48.o
    0x08006458   0x000000b8   Code   RO          618    .text               pm25.o
    0x08006510   0x000000f8   Code   RO          632    .text               ms53lom.o
    0x08006608   0x000004e2   Code   RO          646    .text               auxiliary.o
    0x08006aea   0x00000002   PAD
    0x08006aec   0x00000114   Code   RO          666    .text               ph_dan_lin_jia.o
    0x08006c00   0x00001184   Code   RO          680    .text               gpio_init.o
    0x08007d84   0x000000d0   Code   RO          693    .text               delay.o
    0x08007e54   0x0000000c   Code   RO          707    .text               sys.o
    0x08007e60   0x00000024   Code   RO          733    .text               startup_stm32f10x_hd.o
    0x08007e84   0x00000358   Code   RO          737    .text               stm32f10x_gpio.o
    0x080081dc   0x000003a4   Code   RO          749    .text               stm32f10x_rcc.o
    0x08008580   0x00000408   Code   RO          763    .text               stm32f10x_usart.o
    0x08008988   0x000000dc   Code   RO          775    .text               misc.o
    0x08008a64   0x0000044e   Code   RO          787    .text               stm32f10x_adc.o
    0x08008eb2   0x00000002   PAD
    0x08008eb4   0x00000e1a   Code   RO          799    .text               stm32f10x_tim.o
    0x08009cce   0x00000002   PAD
    0x08009cd0   0x0000011c   Code   RO          901    .text               stm32f10x_exti.o
    0x08009dec   0x00000544   Code   RO         1036    .text               protocol.o
    0x0800a330   0x00000098   Code   RO         1054    .text               ringbuffer.o
    0x0800a3c8   0x000000ac   Code   RO         1066    .text               soft_timer.o
    0x0800a474   0x00000024   Code   RO         1101    .text               mc_w.l(memcpya.o)
    0x0800a498   0x00000024   Code   RO         1103    .text               mc_w.l(memseta.o)
    0x0800a4bc   0x00000024   Code   RO         1105    .text               mc_w.l(strstr.o)
    0x0800a4e0   0x00000012   Code   RO         1107    .text               mc_w.l(strcpy.o)
    0x0800a4f2   0x000000b0   Code   RO         1372    .text               mf_w.l(fadd.o)
    0x0800a5a2   0x0000006c   Code   RO         1374    .text               mf_w.l(fmul.o)
    0x0800a60e   0x00000080   Code   RO         1376    .text               mf_w.l(fdiv.o)
    0x0800a68e   0x000000e4   Code   RO         1378    .text               mf_w.l(dmul.o)
    0x0800a772   0x000000de   Code   RO         1380    .text               mf_w.l(ddiv.o)
    0x0800a850   0x00000012   Code   RO         1382    .text               mf_w.l(fflti.o)
    0x0800a862   0x0000000a   Code   RO         1384    .text               mf_w.l(ffltui.o)
    0x0800a86c   0x00000022   Code   RO         1386    .text               mf_w.l(dflti.o)
    0x0800a88e   0x0000001a   Code   RO         1388    .text               mf_w.l(dfltui.o)
    0x0800a8a8   0x00000032   Code   RO         1390    .text               mf_w.l(ffixi.o)
    0x0800a8da   0x00000028   Code   RO         1392    .text               mf_w.l(ffixui.o)
    0x0800a902   0x00000032   Code   RO         1394    .text               mf_w.l(dfixui.o)
    0x0800a934   0x00000026   Code   RO         1396    .text               mf_w.l(f2d.o)
    0x0800a95a   0x00000038   Code   RO         1398    .text               mf_w.l(d2f.o)
    0x0800a992   0x00000002   PAD
    0x0800a994   0x00000014   Code   RO         1400    .text               mf_w.l(cfcmple.o)
    0x0800a9a8   0x00000014   Code   RO         1402    .text               mf_w.l(cfrcmple.o)
    0x0800a9bc   0x0000002c   Code   RO         1419    .text               mc_w.l(uidiv.o)
    0x0800a9e8   0x00000062   Code   RO         1421    .text               mc_w.l(uldiv.o)
    0x0800aa4a   0x00000020   Code   RO         1423    .text               mc_w.l(llushr.o)
    0x0800aa6a   0x00000000   Code   RO         1425    .text               mc_w.l(iusefp.o)
    0x0800aa6a   0x0000006c   Code   RO         1426    .text               mf_w.l(fepilogue.o)
    0x0800aad6   0x000000be   Code   RO         1428    .text               mf_w.l(depilogue.o)
    0x0800ab94   0x0000014e   Code   RO         1430    .text               mf_w.l(dadd.o)
    0x0800ace2   0x00000030   Code   RO         1432    .text               mf_w.l(dfixul.o)
    0x0800ad12   0x00000002   PAD
    0x0800ad14   0x00000028   Code   RO         1434    .text               mf_w.l(cdrcmple.o)
    0x0800ad3c   0x00000024   Code   RO         1436    .text               mc_w.l(init.o)
    0x0800ad60   0x0000001e   Code   RO         1438    .text               mc_w.l(llshl.o)
    0x0800ad7e   0x00000024   Code   RO         1440    .text               mc_w.l(llsshr.o)
    0x0800ada2   0x0000005c   Code   RO         1450    .text               mc_w.l(__dczerorl2.o)
    0x0800adfe   0x00000002   PAD
    0x0800ae00   0x00000028   Code   RO         1346    i.__0sprintf        mc_w.l(printfa.o)
    0x0800ae28   0x0000000e   Code   RO         1444    i.__scatterload_copy  mc_w.l(handlers.o)
    0x0800ae36   0x00000002   Code   RO         1445    i.__scatterload_null  mc_w.l(handlers.o)
    0x0800ae38   0x0000000e   Code   RO         1446    i.__scatterload_zeroinit  mc_w.l(handlers.o)
    0x0800ae46   0x00000002   PAD
    0x0800ae48   0x0000015c   Code   RO         1351    i._fp_digits        mc_w.l(printfa.o)
    0x0800afa4   0x000006f0   Code   RO         1352    i._printf_core      mc_w.l(printfa.o)
    0x0800b694   0x00000026   Code   RO         1353    i._printf_post_padding  mc_w.l(printfa.o)
    0x0800b6ba   0x00000030   Code   RO         1354    i._printf_pre_padding  mc_w.l(printfa.o)
    0x0800b6ea   0x0000000a   Code   RO         1356    i._sputc            mc_w.l(printfa.o)
    0x0800b6f4   0x00000998   Data   RO          346    .constdata          oled.o
    0x0800c08c   0x00000046   Data   RO          419    .constdata          sensor_hal.o
    0x0800c0d2   0x000000f6   Data   RO          511    .constdata          algorithm.o
    0x0800c1c8   0x0000005d   Data   RO          648    .conststring        auxiliary.o
    0x0800c225   0x00000003   PAD
    0x0800c228   0x00000020   Data   RO         1442    Region$$Table       anon$$obj.o


    Execution Region RW_IRAM1 (Base: 0x20000000, Size: 0x00003d90, Max: 0x0000c000, ABSOLUTE, COMPRESSED[0x00000090])

    Base Addr    Size         Type   Attr      Idx    E Section Name        Object

    0x20000000   0x00000006   Data   RW            3    .data               main.o
    0x20000006   0x00000002   PAD
    0x20000008   0x00000014   Data   RW          241    .data               system_stm32f10x.o
    0x2000001c   0x00000010   Data   RW          283    .data               ds18b20.o
    0x2000002c   0x00000008   Data   RW          297    .data               gpio.o
    0x20000034   0x0000000c   Data   RW          316    .data               hongwaiwendu.o
    0x20000040   0x00000008   Data   RW          329    .data               hx711.o
    0x20000048   0x000002c3   Data   RW          420    .data               sensor_hal.o
    0x2000030b   0x00000001   PAD
    0x2000030c   0x00000010   Data   RW          451    .data               ultrasonicwave.o
    0x2000031c   0x00000014   Data   RW          478    .data               ws2812b.o
    0x20000330   0x00000004   Data   RW          497    .data               uart6050.o
    0x20000334   0x0000004a   Data   RW          530    .data               max30102.o
    0x2000037e   0x00000002   PAD
    0x20000380   0x00000004   Data   RW          561    .data               tds.o
    0x20000384   0x0000001c   Data   RW          574    .data               key.o
    0x200003a0   0x00000001   Data   RW          589    .data               gps.o
    0x200003a1   0x00000003   PAD
    0x200003a4   0x0000000c   Data   RW          620    .data               pm25.o
    0x200003b0   0x00000011   Data   RW          634    .data               ms53lom.o
    0x200003c1   0x00000003   PAD
    0x200003c4   0x00000014   Data   RW          649    .data               auxiliary.o
    0x200003d8   0x00000007   Data   RW          668    .data               ph_dan_lin_jia.o
    0x200003df   0x0000003b   Data   RW          681    .data               gpio_init.o
    0x2000041a   0x00000004   Data   RW          694    .data               delay.o
    0x2000041e   0x00000014   Data   RW          750    .data               stm32f10x_rcc.o
    0x20000432   0x00000002   PAD
    0x20000434   0x00000010   Data   RW         1037    .data               protocol.o
    0x20000444   0x00000008   Data   RW         1067    .data               soft_timer.o
    0x2000044c   0x00000050   Zero   RW            2    .bss                main.o
    0x2000049c   0x0000001e   Zero   RW          315    .bss                hongwaiwendu.o
    0x200004ba   0x00000002   PAD
    0x200004bc   0x00000084   Zero   RW          418    .bss                sensor_hal.o
    0x20000540   0x0000001e   Zero   RW          496    .bss                uart6050.o
    0x2000055e   0x00000002   PAD
    0x20000560   0x00001760   Zero   RW          510    .bss                algorithm.o
    0x20001cc0   0x00001024   Zero   RW          529    .bss                max30102.o
    0x20002ce4   0x0000001e   Zero   RW          560    .bss                tds.o
    0x20002d02   0x000000cc   Zero   RW          588    .bss                gps.o
    0x20002dce   0x0000001e   Zero   RW          619    .bss                pm25.o
    0x20002dec   0x0000001e   Zero   RW          633    .bss                ms53lom.o
    0x20002e0a   0x00000002   PAD
    0x20002e0c   0x00000b70   Zero   RW          647    .bss                auxiliary.o
    0x2000397c   0x00000014   Zero   RW          667    .bss                ph_dan_lin_jia.o
    0x20003990   0x00000400   Zero   RW          730    STACK               startup_stm32f10x_hd.o


==============================================================================

Image component sizes


      Code (inc. data)   RO Data    RW Data    ZI Data      Debug   Object Name

       696         30          0          0          0       1378   28byj_48.o
       572         34          0          0          0       1351   adc.o
      1696         30        246          0       5984       5843   algorithm.o
      1250        236         93         20       2928       5347   auxiliary.o
         0          0          0          0          0         32   core_cm3.o
       208         18          0          4          0       1239   delay.o
       408         16          0          0          0       2270   dht11.o
       732         18          0         16          0       4084   ds18b20.o
       636         28          0          8          0       3001   gpio.o
      4484        268          0         59          0      16174   gpio_init.o
       452         26          0          1        204       2733   gps.o
       268         28          0         12         30       1402   hongwaiwendu.o
       320         32          0          8          0       1659   hx711.o
      1076        132          0         28          0       3372   key.o
      1180        284          0          6         80     269829   main.o
      2036        134          0         74       4132       6294   max30102.o
       220         20          0          0          0       2025   misc.o
       248         34          0         17         30       1356   ms53lom.o
       912         24          0          0          0       3666   myiic.o
      1250         18       2456          0          0       6918   oled.o
       276         28          0          7         20       1510   ph_dan_lin_jia.o
       184         20          0         12         30       1069   pm25.o
      1348         24          0         16          0       7859   protocol.o
       404          8          0          0          0       1586   pwm.o
      2048         12          0          0          0       6379   rc522.o
       152          0          0          0          0       1595   ringbuffer.o
      6464        824         70        707        132      38299   sensor_hal.o
       172          8          0          8          0       2315   soft_timer.o
        36          8        304          0       1024        832   startup_stm32f10x_hd.o
      1102         26          0          0          0      11057   stm32f10x_adc.o
       284         10          0          0          0       2455   stm32f10x_exti.o
       856         40          0          0          0       5869   stm32f10x_gpio.o
       200         24          0          0          0       1884   stm32f10x_it.o
       932         44          0         20          0       9148   stm32f10x_rcc.o
      3610         88          0          0          0      22352   stm32f10x_tim.o
      1032         22          0          0          0       8592   stm32f10x_usart.o
        12          0          0          0          0        561   sys.o
       476         36          0         20          0       2075   system_stm32f10x.o
       184         16          0          4         30       1276   tds.o
       204          8          0          0          0       1034   timer.o
       208         14          0          4         30       1334   uart6050.o
      1260         60          0         16          0       4079   ultrasonicwave.o
       764         26          0          0          0       3131   usart.o
       916         26          0         20          0       7278   ws2812b.o

    ----------------------------------------------------------------------
     41776       2782       3204       1100      14660     483542   Object Totals
         0          0         32          0          0          0   (incl. Generated)
         8          0          3         13          6          0   (incl. Padding)

    ----------------------------------------------------------------------

      Code (inc. data)   RO Data    RW Data    ZI Data      Debug   Library Member Name

        92          0          0          0          0          0   __dczerorl2.o
         0          0          0          0          0          0   entry.o
         0          0          0          0          0          0   entry10a.o
         0          0          0          0          0          0   entry11a.o
         8          4          0          0          0          0   entry2.o
         4          0          0          0          0          0   entry5.o
         0          0          0          0          0          0   entry7b.o
         0          0          0          0          0          0   entry8b.o
         8          4          0          0          0          0   entry9a.o
        30          0          0          0          0          0   handlers.o
        36          8          0          0          0         68   init.o
         0          0          0          0          0          0   iusefp.o
        30          0          0          0          0         68   llshl.o
        36          0          0          0          0         68   llsshr.o
        32          0          0          0          0         68   llushr.o
        36          0          0          0          0         68   memcpya.o
        36          0          0          0          0        108   memseta.o
      2260         86          0          0          0        512   printfa.o
        18          0          0          0          0         68   strcpy.o
        36          0          0          0          0         80   strstr.o
        44          0          0          0          0         80   uidiv.o
        98          0          0          0          0         92   uldiv.o
        40          2          0          0          0         68   cdrcmple.o
        20          0          0          0          0         68   cfcmple.o
        20          0          0          0          0         68   cfrcmple.o
        56          0          0          0          0         88   d2f.o
       334          0          0          0          0        148   dadd.o
       222          0          0          0          0        100   ddiv.o
       190          0          0          0          0        176   depilogue.o
        50          0          0          0          0         76   dfixui.o
        48          0          0          0          0         68   dfixul.o
        34          0          0          0          0         76   dflti.o
        26          0          0          0          0         76   dfltui.o
       228          0          0          0          0         96   dmul.o
        38          0          0          0          0         68   f2d.o
       176          0          0          0          0        140   fadd.o
       128          0          0          0          0         88   fdiv.o
       108          0          0          0          0        168   fepilogue.o
        50          0          0          0          0         68   ffixi.o
        40          0          0          0          0         68   ffixui.o
        18          0          0          0          0         68   fflti.o
        10          0          0          0          0         68   ffltui.o
       108          0          0          0          0         76   fmul.o

    ----------------------------------------------------------------------
      4756        104          0          0          0       3200   Library Totals
         8          0          0          0          0          0   (incl. Padding)

    ----------------------------------------------------------------------

      Code (inc. data)   RO Data    RW Data    ZI Data      Debug   Library Name

      2804        102          0          0          0       1280   mc_w.l
      1944          2          0          0          0       1920   mf_w.l

    ----------------------------------------------------------------------
      4756        104          0          0          0       3200   Library Totals

    ----------------------------------------------------------------------

==============================================================================


      Code (inc. data)   RO Data    RW Data    ZI Data      Debug   

     46532       2886       3204       1100      14660     481594   Grand Totals
     46532       2886       3204        144      14660     481594   ELF Image Totals (compressed)
     46532       2886       3204        144          0          0   ROM Totals

==============================================================================

    Total RO  Size (Code + RO Data)                49736 (  48.57kB)
    Total RW  Size (RW Data + ZI Data)             15760 (  15.39kB)
    Total ROM Size (Code + RO Data + RW Data)      49880 (  48.71kB)

==============================================================================

